Component: ARM Compiler 5.06 update 6 (build 750) Tool: armlink [4d35ed]

==============================================================================

Section Cross References

    startup_stm32f103xb.o(RESET) refers to startup_stm32f103xb.o(STACK) for __initial_sp
    startup_stm32f103xb.o(RESET) refers to startup_stm32f103xb.o(.text) for Reset_Handler
    startup_stm32f103xb.o(RESET) refers to stm32f1xx_it.o(i.NMI_Handler) for NMI_Handler
    startup_stm32f103xb.o(RESET) refers to stm32f1xx_it.o(i.HardFault_Handler) for HardFault_Handler
    startup_stm32f103xb.o(RESET) refers to stm32f1xx_it.o(i.MemManage_Handler) for MemManage_Handler
    startup_stm32f103xb.o(RESET) refers to stm32f1xx_it.o(i.BusFault_Handler) for BusFault_Handler
    startup_stm32f103xb.o(RESET) refers to stm32f1xx_it.o(i.UsageFault_Handler) for UsageFault_Handler
    startup_stm32f103xb.o(RESET) refers to stm32f1xx_it.o(i.SVC_Handler) for SVC_Handler
    startup_stm32f103xb.o(RESET) refers to stm32f1xx_it.o(i.DebugMon_Handler) for DebugMon_Handler
    startup_stm32f103xb.o(RESET) refers to stm32f1xx_it.o(i.PendSV_Handler) for PendSV_Handler
    startup_stm32f103xb.o(RESET) refers to stm32f1xx_it.o(i.SysTick_Handler) for SysTick_Handler
    startup_stm32f103xb.o(RESET) refers to stm32f1xx_it.o(i.USART1_IRQHandler) for USART1_IRQHandler
    startup_stm32f103xb.o(.text) refers to system_stm32f1xx.o(i.SystemInit) for SystemInit
    startup_stm32f103xb.o(.text) refers to entry.o(.ARM.Collect$$$$00000000) for __main
    main.o(i.HAL_UART_RxCpltCallback) refers to main.o(i.LR) for LR
    main.o(i.HAL_UART_RxCpltCallback) refers to stm32f1xx_hal_uart.o(i.HAL_UART_Receive_IT) for HAL_UART_Receive_IT
    main.o(i.HAL_UART_RxCpltCallback) refers to main.o(.bss) for .bss
    main.o(i.HAL_UART_RxCpltCallback) refers to main.o(.data) for .data
    main.o(i.HAL_UART_RxCpltCallback) refers to usart.o(.bss) for huart1
    main.o(i.LL) refers to main.o(i.Motor1) for Motor1
    main.o(i.LL) refers to main.o(i.Motor3) for Motor3
    main.o(i.LR) refers to main.o(i.LL) for LL
    main.o(i.LR) refers to main.o(i.RR) for RR
    main.o(i.LR) refers to main.o(.data) for .data
    main.o(i.Motor1) refers to tim.o(.bss) for htim3
    main.o(i.Motor2) refers to tim.o(.bss) for htim3
    main.o(i.Motor3) refers to tim.o(.bss) for htim4
    main.o(i.Motor4) refers to tim.o(.bss) for htim4
    main.o(i.RR) refers to main.o(i.Motor2) for Motor2
    main.o(i.RR) refers to main.o(i.Motor4) for Motor4
    main.o(i.SystemClock_Config) refers to memseta.o(.text) for __aeabi_memclr4
    main.o(i.SystemClock_Config) refers to stm32f1xx_hal_rcc.o(i.HAL_RCC_OscConfig) for HAL_RCC_OscConfig
    main.o(i.SystemClock_Config) refers to stm32f1xx_hal_rcc.o(i.HAL_RCC_ClockConfig) for HAL_RCC_ClockConfig
    main.o(i.fputc) refers to stm32f1xx_hal_uart.o(i.HAL_UART_Transmit) for HAL_UART_Transmit
    main.o(i.fputc) refers to usart.o(.bss) for huart1
    main.o(i.main) refers to stm32f1xx_hal.o(i.HAL_Init) for HAL_Init
    main.o(i.main) refers to main.o(i.SystemClock_Config) for SystemClock_Config
    main.o(i.main) refers to gpio.o(i.MX_GPIO_Init) for MX_GPIO_Init
    main.o(i.main) refers to tim.o(i.MX_TIM3_Init) for MX_TIM3_Init
    main.o(i.main) refers to tim.o(i.MX_TIM4_Init) for MX_TIM4_Init
    main.o(i.main) refers to usart.o(i.MX_USART1_UART_Init) for MX_USART1_UART_Init
    main.o(i.main) refers to stm32f1xx_hal_uart.o(i.HAL_UART_Receive_IT) for HAL_UART_Receive_IT
    main.o(i.main) refers to stm32f1xx_hal_tim.o(i.HAL_TIM_PWM_Start) for HAL_TIM_PWM_Start
    main.o(i.main) refers to main.o(.bss) for .bss
    main.o(i.main) refers to usart.o(.bss) for huart1
    main.o(i.main) refers to tim.o(.bss) for htim3
    tim.o(i.HAL_TIM_MspPostInit) refers to stm32f1xx_hal_gpio.o(i.HAL_GPIO_Init) for HAL_GPIO_Init
    tim.o(i.MX_TIM3_Init) refers to memseta.o(.text) for __aeabi_memclr4
    tim.o(i.MX_TIM3_Init) refers to stm32f1xx_hal_tim.o(i.HAL_TIM_PWM_Init) for HAL_TIM_PWM_Init
    tim.o(i.MX_TIM3_Init) refers to main.o(i.Error_Handler) for Error_Handler
    tim.o(i.MX_TIM3_Init) refers to stm32f1xx_hal_tim_ex.o(i.HAL_TIMEx_MasterConfigSynchronization) for HAL_TIMEx_MasterConfigSynchronization
    tim.o(i.MX_TIM3_Init) refers to stm32f1xx_hal_tim.o(i.HAL_TIM_PWM_ConfigChannel) for HAL_TIM_PWM_ConfigChannel
    tim.o(i.MX_TIM3_Init) refers to tim.o(i.HAL_TIM_MspPostInit) for HAL_TIM_MspPostInit
    tim.o(i.MX_TIM3_Init) refers to tim.o(.bss) for .bss
    tim.o(i.MX_TIM4_Init) refers to memseta.o(.text) for __aeabi_memclr4
    tim.o(i.MX_TIM4_Init) refers to stm32f1xx_hal_tim.o(i.HAL_TIM_PWM_Init) for HAL_TIM_PWM_Init
    tim.o(i.MX_TIM4_Init) refers to main.o(i.Error_Handler) for Error_Handler
    tim.o(i.MX_TIM4_Init) refers to stm32f1xx_hal_tim_ex.o(i.HAL_TIMEx_MasterConfigSynchronization) for HAL_TIMEx_MasterConfigSynchronization
    tim.o(i.MX_TIM4_Init) refers to stm32f1xx_hal_tim.o(i.HAL_TIM_PWM_ConfigChannel) for HAL_TIM_PWM_ConfigChannel
[...]
    stm32f1xx_hal.o(i.HAL_DeInit) refers to stm32f1xx_hal.o(i.HAL_MspDeInit) for HAL_MspDeInit
    stm32f1xx_hal.o(i.HAL_Delay) refers to stm32f1xx_hal.o(i.HAL_GetTick) for HAL_GetTick
    stm32f1xx_hal.o(i.HAL_Delay) refers to stm32f1xx_hal.o(.data) for .data
    stm32f1xx_hal.o(i.HAL_GetTick) refers to stm32f1xx_hal.o(.data) for .data
    stm32f1xx_hal.o(i.HAL_GetTickFreq) refers to stm32f1xx_hal.o(.data) for .data
    stm32f1xx_hal.o(i.HAL_GetTickPrio) refers to stm32f1xx_hal.o(.data) for .data
    stm32f1xx_hal.o(i.HAL_IncTick) refers to stm32f1xx_hal.o(.data) for .data
    stm32f1xx_hal.o(i.HAL_Init) refers to stm32f1xx_hal_cortex.o(i.HAL_NVIC_SetPriorityGrouping) for HAL_NVIC_SetPriorityGrouping
    stm32f1xx_hal.o(i.HAL_Init) refers to stm32f1xx_hal.o(i.HAL_InitTick) for HAL_InitTick
    stm32f1xx_hal.o(i.HAL_Init) refers to stm32f1xx_hal_msp.o(i.HAL_MspInit) for HAL_MspInit
    stm32f1xx_hal.o(i.HAL_InitTick) refers to stm32f1xx_hal_cortex.o(i.HAL_SYSTICK_Config) for HAL_SYSTICK_Config
    stm32f1xx_hal.o(i.HAL_InitTick) refers to stm32f1xx_hal_cortex.o(i.HAL_NVIC_SetPriority) for HAL_NVIC_SetPriority
    stm32f1xx_hal.o(i.HAL_InitTick) refers to stm32f1xx_hal.o(.data) for .data
    stm32f1xx_hal.o(i.HAL_InitTick) refers to system_stm32f1xx.o(.data) for SystemCoreClock
    stm32f1xx_hal.o(i.HAL_SetTickFreq) refers to stm32f1xx_hal.o(i.HAL_InitTick) for HAL_InitTick
    stm32f1xx_hal.o(i.HAL_SetTickFreq) refers to stm32f1xx_hal.o(.data) for .data
    stm32f1xx_hal_rcc.o(i.HAL_RCC_ClockConfig) refers to stm32f1xx_hal.o(i.HAL_GetTick) for HAL_GetTick
    stm32f1xx_hal_rcc.o(i.HAL_RCC_ClockConfig) refers to stm32f1xx_hal_rcc.o(i.HAL_RCC_GetSysClockFreq) for HAL_RCC_GetSysClockFreq
    stm32f1xx_hal_rcc.o(i.HAL_RCC_ClockConfig) refers to stm32f1xx_hal.o(i.HAL_InitTick) for HAL_InitTick
    stm32f1xx_hal_rcc.o(i.HAL_RCC_ClockConfig) refers to system_stm32f1xx.o(.constdata) for AHBPrescTable
    stm32f1xx_hal_rcc.o(i.HAL_RCC_ClockConfig) refers to system_stm32f1xx.o(.data) for SystemCoreClock
    stm32f1xx_hal_rcc.o(i.HAL_RCC_ClockConfig) refers to stm32f1xx_hal.o(.data) for uwTickPrio
    stm32f1xx_hal_rcc.o(i.HAL_RCC_DeInit) refers to stm32f1xx_hal.o(i.HAL_GetTick) for HAL_GetTick
    stm32f1xx_hal_rcc.o(i.HAL_RCC_DeInit) refers to stm32f1xx_hal.o(i.HAL_InitTick) for HAL_InitTick
    stm32f1xx_hal_rcc.o(i.HAL_RCC_DeInit) refers to system_stm32f1xx.o(.data) for SystemCoreClock
    stm32f1xx_hal_rcc.o(i.HAL_RCC_DeInit) refers to stm32f1xx_hal.o(.data) for uwTickPrio
    stm32f1xx_hal_rcc.o(i.HAL_RCC_GetHCLKFreq) refers to system_stm32f1xx.o(.data) for SystemCoreClock
    stm32f1xx_hal_rcc.o(i.HAL_RCC_GetPCLK1Freq) refers to system_stm32f1xx.o(.data) for SystemCoreClock
    stm32f1xx_hal_rcc.o(i.HAL_RCC_GetPCLK1Freq) refers to system_stm32f1xx.o(.constdata) for APBPrescTable
    stm32f1xx_hal_rcc.o(i.HAL_RCC_GetPCLK2Freq) refers to system_stm32f1xx.o(.data) for SystemCoreClock
    stm32f1xx_hal_rcc.o(i.HAL_RCC_GetPCLK2Freq) refers to system_stm32f1xx.o(.constdata) for APBPrescTable
    stm32f1xx_hal_rcc.o(i.HAL_RCC_MCOConfig) refers to stm32f1xx_hal_gpio.o(i.HAL_GPIO_Init) for HAL_GPIO_Init
    stm32f1xx_hal_rcc.o(i.HAL_RCC_NMI_IRQHandler) refers to stm32f1xx_hal_rcc.o(i.HAL_RCC_CSSCallback) for HAL_RCC_CSSCallback
    stm32f1xx_hal_rcc.o(i.HAL_RCC_OscConfig) refers to stm32f1xx_hal.o(i.HAL_GetTick) for HAL_GetTick
    stm32f1xx_hal_rcc.o(i.HAL_RCC_OscConfig) refers to system_stm32f1xx.o(.data) for SystemCoreClock
    stm32f1xx_hal_rcc_ex.o(i.HAL_RCCEx_GetPeriphCLKFreq) refers to stm32f1xx_hal_rcc.o(i.HAL_RCC_GetPCLK2Freq) for HAL_RCC_GetPCLK2Freq
    stm32f1xx_hal_rcc_ex.o(i.HAL_RCCEx_PeriphCLKConfig) refers to stm32f1xx_hal.o(i.HAL_GetTick) for HAL_GetTick
    stm32f1xx_hal_gpio.o(i.HAL_GPIO_EXTI_IRQHandler) refers to stm32f1xx_hal_gpio.o(i.HAL_GPIO_EXTI_Callback) for HAL_GPIO_EXTI_Callback
    stm32f1xx_hal_dma.o(i.HAL_DMA_PollForTransfer) refers to stm32f1xx_hal.o(i.HAL_GetTick) for HAL_GetTick
    stm32f1xx_hal_dma.o(i.HAL_DMA_Start) refers to stm32f1xx_hal_dma.o(i.DMA_SetConfig) for DMA_SetConfig
    stm32f1xx_hal_dma.o(i.HAL_DMA_Start_IT) refers to stm32f1xx_hal_dma.o(i.DMA_SetConfig) for DMA_SetConfig
    stm32f1xx_hal_cortex.o(i.HAL_NVIC_SetPriority) refers to stm32f1xx_hal_cortex.o(i.__NVIC_SetPriority) for __NVIC_SetPriority
    stm32f1xx_hal_cortex.o(i.HAL_SYSTICK_Config) refers to stm32f1xx_hal_cortex.o(i.__NVIC_SetPriority) for __NVIC_SetPriority
    stm32f1xx_hal_cortex.o(i.HAL_SYSTICK_IRQHandler) refers to stm32f1xx_hal_cortex.o(i.HAL_SYSTICK_Callback) for HAL_SYSTICK_Callback
    stm32f1xx_hal_pwr.o(i.HAL_PWR_EnterSTOPMode) refers to stm32f1xx_hal_pwr.o(i.PWR_OverloadWfe) for PWR_OverloadWfe
    stm32f1xx_hal_pwr.o(i.HAL_PWR_PVD_IRQHandler) refers to stm32f1xx_hal_pwr.o(i.HAL_PWR_PVDCallback) for HAL_PWR_PVDCallback
    stm32f1xx_hal_flash.o(i.FLASH_Program_HalfWord) refers to stm32f1xx_hal_flash.o(.bss) for .bss
    stm32f1xx_hal_flash.o(i.FLASH_SetErrorCode) refers to stm32f1xx_hal_flash.o(.bss) for .bss
    stm32f1xx_hal_flash.o(i.FLASH_WaitForLastOperation) refers to stm32f1xx_hal.o(i.HAL_GetTick) for HAL_GetTick
    stm32f1xx_hal_flash.o(i.FLASH_WaitForLastOperation) refers to stm32f1xx_hal_flash.o(i.FLASH_SetErrorCode) for FLASH_SetErrorCode
    stm32f1xx_hal_flash.o(i.HAL_FLASH_GetError) refers to stm32f1xx_hal_flash.o(.bss) for .bss
    stm32f1xx_hal_flash.o(i.HAL_FLASH_IRQHandler) refers to stm32f1xx_hal_flash.o(i.FLASH_SetErrorCode) for FLASH_SetErrorCode
    stm32f1xx_hal_flash.o(i.HAL_FLASH_IRQHandler) refers to stm32f1xx_hal_flash.o(i.HAL_FLASH_OperationErrorCallback) for HAL_FLASH_OperationErrorCallback
    stm32f1xx_hal_flash.o(i.HAL_FLASH_IRQHandler) refers to stm32f1xx_hal_flash.o(i.FLASH_Program_HalfWord) for FLASH_Program_HalfWord
    stm32f1xx_hal_flash.o(i.HAL_FLASH_IRQHandler) refers to stm32f1xx_hal_flash.o(i.HAL_FLASH_EndOfOperationCallback) for HAL_FLASH_EndOfOperationCallback
    stm32f1xx_hal_flash.o(i.HAL_FLASH_IRQHandler) refers to stm32f1xx_hal_flash_ex.o(i.FLASH_PageErase) for FLASH_PageErase
    stm32f1xx_hal_flash.o(i.HAL_FLASH_IRQHandler) refers to stm32f1xx_hal_flash.o(.bss) for .bss
    stm32f1xx_hal_flash.o(i.HAL_FLASH_OB_Launch) refers to stm32f1xx_hal_cortex.o(i.HAL_NVIC_SystemReset) for HAL_NVIC_SystemReset
    stm32f1xx_hal_flash.o(i.HAL_FLASH_Program) refers to stm32f1xx_hal_flash.o(i.FLASH_WaitForLastOperation) for FLASH_WaitForLastOperation
    stm32f1xx_hal_flash.o(i.HAL_FLASH_Program) refers to llushr.o(.text) for __aeabi_llsr
    stm32f1xx_hal_flash.o(i.HAL_FLASH_Program) refers to stm32f1xx_hal_flash.o(i.FLASH_Program_HalfWord) for FLASH_Program_HalfWord
    stm32f1xx_hal_flash.o(i.HAL_FLASH_Program) refers to stm32f1xx_hal_flash.o(.bss) for .bss
    stm32f1xx_hal_flash.o(i.HAL_FLASH_Program_IT) refers to stm32f1xx_hal_flash.o(i.FLASH_Program_HalfWord) for FLASH_Program_HalfWord
    stm32f1xx_hal_flash.o(i.HAL_FLASH_Program_IT) refers to stm32f1xx_hal_flash.o(.bss) for .bss
    stm32f1xx_hal_flash_ex.o(i.FLASH_MassErase) refers to stm32f1xx_hal_flash.o(.bss) for pFlash
    stm32f1xx_hal_flash_ex.o(i.FLASH_OB_DisableWRP) refers to stm32f1xx_hal_flash.o(i.FLASH_WaitForLastOperation) for FLASH_WaitForLastOperation
    stm32f1xx_hal_flash_ex.o(i.FLASH_OB_DisableWRP) refers to stm32f1xx_hal_flash_ex.o(i.HAL_FLASHEx_OBErase) for HAL_FLASHEx_OBErase
    stm32f1xx_hal_flash_ex.o(i.FLASH_OB_DisableWRP) refers to stm32f1xx_hal_flash.o(.bss) for pFlash
    stm32f1xx_hal_flash_ex.o(i.FLASH_OB_EnableWRP) refers to stm32f1xx_hal_flash.o(i.FLASH_WaitForLastOperation) for FLASH_WaitForLastOperation
    stm32f1xx_hal_flash_ex.o(i.FLASH_OB_EnableWRP) refers to stm32f1xx_hal_flash_ex.o(i.HAL_FLASHEx_OBErase) for HAL_FLASHEx_OBErase
    stm32f1xx_hal_flash_ex.o(i.FLASH_OB_EnableWRP) refers to stm32f1xx_hal_flash.o(.bss) for pFlash
    stm32f1xx_hal_flash_ex.o(i.FLASH_OB_RDP_LevelConfig) refers to stm32f1xx_hal_flash.o(i.FLASH_WaitForLastOperation) for FLASH_WaitForLastOperation
    stm32f1xx_hal_flash_ex.o(i.FLASH_OB_RDP_LevelConfig) refers to stm32f1xx_hal_flash.o(.bss) for pFlash
    stm32f1xx_hal_flash_ex.o(i.FLASH_PageErase) refers to stm32f1xx_hal_flash.o(.bss) for pFlash
    stm32f1xx_hal_flash_ex.o(i.HAL_FLASHEx_Erase) refers to stm32f1xx_hal_flash.o(i.FLASH_WaitForLastOperation) for FLASH_WaitForLastOperation
    stm32f1xx_hal_flash_ex.o(i.HAL_FLASHEx_Erase) refers to stm32f1xx_hal_flash_ex.o(i.FLASH_MassErase) for FLASH_MassErase
    stm32f1xx_hal_flash_ex.o(i.HAL_FLASHEx_Erase) refers to stm32f1xx_hal_flash_ex.o(i.FLASH_PageErase) for FLASH_PageErase
    stm32f1xx_hal_flash_ex.o(i.HAL_FLASHEx_Erase) refers to stm32f1xx_hal_flash.o(.bss) for pFlash
    stm32f1xx_hal_flash_ex.o(i.HAL_FLASHEx_Erase_IT) refers to stm32f1xx_hal_flash_ex.o(i.FLASH_PageErase) for FLASH_PageErase
    stm32f1xx_hal_flash_ex.o(i.HAL_FLASHEx_Erase_IT) refers to stm32f1xx_hal_flash_ex.o(i.FLASH_MassErase) for FLASH_MassErase
    stm32f1xx_hal_flash_ex.o(i.HAL_FLASHEx_Erase_IT) refers to stm32f1xx_hal_flash.o(.bss) for pFlash
    stm32f1xx_hal_flash_ex.o(i.HAL_FLASHEx_OBErase) refers to stm32f1xx_hal_flash_ex.o(i.FLASH_OB_GetRDP) for FLASH_OB_GetRDP
    stm32f1xx_hal_flash_ex.o(i.HAL_FLASHEx_OBErase) refers to stm32f1xx_hal_flash.o(i.FLASH_WaitForLastOperation) for FLASH_WaitForLastOperation
    stm32f1xx_hal_flash_ex.o(i.HAL_FLASHEx_OBErase) refers to stm32f1xx_hal_flash_ex.o(i.FLASH_OB_RDP_LevelConfig) for FLASH_OB_RDP_LevelConfig
    stm32f1xx_hal_flash_ex.o(i.HAL_FLASHEx_OBErase) refers to stm32f1xx_hal_flash.o(.bss) for pFlash
    stm32f1xx_hal_flash_ex.o(i.HAL_FLASHEx_OBGetConfig) refers to stm32f1xx_hal_flash_ex.o(i.FLASH_OB_GetRDP) for FLASH_OB_GetRDP
    stm32f1xx_hal_flash_ex.o(i.HAL_FLASHEx_OBProgram) refers to stm32f1xx_hal_flash_ex.o(i.FLASH_OB_DisableWRP) for FLASH_OB_DisableWRP
    stm32f1xx_hal_flash_ex.o(i.HAL_FLASHEx_OBProgram) refers to stm32f1xx_hal_flash_ex.o(i.FLASH_OB_EnableWRP) for FLASH_OB_EnableWRP
    stm32f1xx_hal_flash_ex.o(i.HAL_FLASHEx_OBProgram) refers to stm32f1xx_hal_flash_ex.o(i.FLASH_OB_RDP_LevelConfig) for FLASH_OB_RDP_LevelConfig
    stm32f1xx_hal_flash_ex.o(i.HAL_FLASHEx_OBProgram) refers to stm32f1xx_hal_flash.o(i.FLASH_WaitForLastOperation) for FLASH_WaitForLastOperation
    stm32f1xx_hal_flash_ex.o(i.HAL_FLASHEx_OBProgram) refers to stm32f1xx_hal_flash.o(.bss) for pFlash
    stm32f1xx_hal_uart.o(i.HAL_HalfDuplex_Init) refers to usart.o(i.HAL_UART_MspInit) for HAL_UART_MspInit
    stm32f1xx_hal_uart.o(i.HAL_HalfDuplex_Init) refers to stm32f1xx_hal_uart.o(i.UART_SetConfig) for UART_SetConfig
    stm32f1xx_hal_uart.o(i.HAL_LIN_Init) refers to usart.o(i.HAL_UART_MspInit) for HAL_UART_MspInit
    stm32f1xx_hal_uart.o(i.HAL_LIN_Init) refers to stm32f1xx_hal_uart.o(i.UART_SetConfig) for UART_SetConfig
    stm32f1xx_hal_uart.o(i.HAL_MultiProcessor_Init) refers to usart.o(i.HAL_UART_MspInit) for HAL_UART_MspInit
    stm32f1xx_hal_uart.o(i.HAL_MultiProcessor_Init) refers to stm32f1xx_hal_uart.o(i.UART_SetConfig) for UART_SetConfig
    stm32f1xx_hal_uart.o(i.HAL_UART_Abort) refers to stm32f1xx_hal_dma.o(i.HAL_DMA_Abort) for HAL_DMA_Abort
    stm32f1xx_hal_uart.o(i.HAL_UART_Abort) refers to stm32f1xx_hal_dma.o(i.HAL_DMA_GetError) for HAL_DMA_GetError
    stm32f1xx_hal_uart.o(i.HAL_UART_AbortReceive) refers to stm32f1xx_hal_dma.o(i.HAL_DMA_Abort) for HAL_DMA_Abort
    stm32f1xx_hal_uart.o(i.HAL_UART_AbortReceive) refers to stm32f1xx_hal_dma.o(i.HAL_DMA_GetError) for HAL_DMA_GetError
    stm32f1xx_hal_uart.o(i.HAL_UART_AbortReceive_IT) refers to stm32f1xx_hal_dma.o(i.HAL_DMA_Abort_IT) for HAL_DMA_Abort_IT
    stm32f1xx_hal_uart.o(i.HAL_UART_AbortReceive_IT) refers to stm32f1xx_hal_uart.o(i.HAL_UART_AbortReceiveCpltCallback) for HAL_UART_AbortReceiveCpltCallback
    stm32f1xx_hal_uart.o(i.HAL_UART_AbortReceive_IT) refers to stm32f1xx_hal_uart.o(i.UART_DMARxOnlyAbortCallback) for UART_DMARxOnlyAbortCallback
    stm32f1xx_hal_uart.o(i.HAL_UART_AbortTransmit) refers to stm32f1xx_hal_dma.o(i.HAL_DMA_Abort) for HAL_DMA_Abort
    stm32f1xx_hal_uart.o(i.HAL_UART_AbortTransmit) refers to stm32f1xx_hal_dma.o(i.HAL_DMA_GetError) for HAL_DMA_GetError
    stm32f1xx_hal_uart.o(i.HAL_UART_AbortTransmit_IT) refers to stm32f1xx_hal_dma.o(i.HAL_DMA_Abort_IT) for HAL_DMA_Abort_IT
    stm32f1xx_hal_uart.o(i.HAL_UART_AbortTransmit_IT) refers to stm32f1xx_hal_uart.o(i.HAL_UART_AbortTransmitCpltCallback) for HAL_UART_AbortTransmitCpltCallback
    stm32f1xx_hal_uart.o(i.HAL_UART_AbortTransmit_IT) refers to stm32f1xx_hal_uart.o(i.UART_DMATxOnlyAbortCallback) for UART_DMATxOnlyAbortCallback
    stm32f1xx_hal_uart.o(i.HAL_UART_Abort_IT) refers to stm32f1xx_hal_dma.o(i.HAL_DMA_Abort_IT) for HAL_DMA_Abort_IT
    stm32f1xx_hal_uart.o(i.HAL_UART_Abort_IT) refers to stm32f1xx_hal_uart.o(i.HAL_UART_AbortCpltCallback) for HAL_UART_AbortCpltCallback
    stm32f1xx_hal_uart.o(i.HAL_UART_Abort_IT) refers to stm32f1xx_hal_uart.o(i.UART_DMATxAbortCallback) for UART_DMATxAbortCallback
    stm32f1xx_hal_uart.o(i.HAL_UART_Abort_IT) refers to stm32f1xx_hal_uart.o(i.UART_DMARxAbortCallback) for UART_DMARxAbortCallback
    stm32f1xx_hal_uart.o(i.HAL_UART_DMAStop) refers to stm32f1xx_hal_dma.o(i.HAL_DMA_Abort) for HAL_DMA_Abort
    stm32f1xx_hal_uart.o(i.HAL_UART_DMAStop) refers to stm32f1xx_hal_uart.o(i.UART_EndTxTransfer) for UART_EndTxTransfer
    stm32f1xx_hal_uart.o(i.HAL_UART_DMAStop) refers to stm32f1xx_hal_uart.o(i.UART_EndRxTransfer) for UART_EndRxTransfer
    stm32f1xx_hal_uart.o(i.HAL_UART_DeInit) refers to usart.o(i.HAL_UART_MspDeInit) for HAL_UART_MspDeInit
    stm32f1xx_hal_uart.o(i.HAL_UART_IRQHandler) refers to stm32f1xx_hal_uart.o(i.UART_Receive_IT) for UART_Receive_IT
    stm32f1xx_hal_uart.o(i.HAL_UART_IRQHandler) refers to stm32f1xx_hal_uart.o(i.UART_EndRxTransfer) for UART_EndRxTransfer
    stm32f1xx_hal_uart.o(i.HAL_UART_IRQHandler) refers to stm32f1xx_hal_dma.o(i.HAL_DMA_Abort_IT) for HAL_DMA_Abort_IT
    stm32f1xx_hal_uart.o(i.HAL_UART_IRQHandler) refers to stm32f1xx_hal_uart.o(i.HAL_UART_ErrorCallback) for HAL_UART_ErrorCallback
    stm32f1xx_hal_uart.o(i.HAL_UART_IRQHandler) refers to stm32f1xx_hal_uart.o(i.HAL_UART_TxCpltCallback) for HAL_UART_TxCpltCallback
    stm32f1xx_hal_uart.o(i.HAL_UART_IRQHandler) refers to stm32f1xx_hal_uart.o(i.UART_DMAAbortOnError) for UART_DMAAbortOnError
    stm32f1xx_hal_uart.o(i.HAL_UART_Init) refers to usart.o(i.HAL_UART_MspInit) for HAL_UART_MspInit
    stm32f1xx_hal_uart.o(i.HAL_UART_Init) refers to stm32f1xx_hal_uart.o(i.UART_SetConfig) for UART_SetConfig
    stm32f1xx_hal_uart.o(i.HAL_UART_Receive) refers to stm32f1xx_hal.o(i.HAL_GetTick) for HAL_GetTick
    stm32f1xx_hal_uart.o(i.HAL_UART_Receive) refers to stm32f1xx_hal_uart.o(i.UART_WaitOnFlagUntilTimeout) for UART_WaitOnFlagUntilTimeout
    stm32f1xx_hal_uart.o(i.HAL_UART_Receive_DMA) refers to stm32f1xx_hal_dma.o(i.HAL_DMA_Start_IT) for HAL_DMA_Start_IT
    stm32f1xx_hal_uart.o(i.HAL_UART_Receive_DMA) refers to stm32f1xx_hal_uart.o(i.UART_DMAReceiveCplt) for UART_DMAReceiveCplt
    stm32f1xx_hal_uart.o(i.HAL_UART_Receive_DMA) refers to stm32f1xx_hal_uart.o(i.UART_DMARxHalfCplt) for UART_DMARxHalfCplt
    stm32f1xx_hal_uart.o(i.HAL_UART_Receive_DMA) refers to stm32f1xx_hal_uart.o(i.UART_DMAError) for UART_DMAError
    stm32f1xx_hal_uart.o(i.HAL_UART_Transmit) refers to stm32f1xx_hal.o(i.HAL_GetTick) for HAL_GetTick
    stm32f1xx_hal_uart.o(i.HAL_UART_Transmit) refers to stm32f1xx_hal_uart.o(i.UART_WaitOnFlagUntilTimeout) for UART_WaitOnFlagUntilTimeout
    stm32f1xx_hal_uart.o(i.HAL_UART_Transmit_DMA) refers to stm32f1xx_hal_dma.o(i.HAL_DMA_Start_IT) for HAL_DMA_Start_IT
    stm32f1xx_hal_uart.o(i.HAL_UART_Transmit_DMA) refers to stm32f1xx_hal_uart.o(i.UART_DMATransmitCplt) for UART_DMATransmitCplt
    stm32f1xx_hal_uart.o(i.HAL_UART_Transmit_DMA) refers to stm32f1xx_hal_uart.o(i.UART_DMATxHalfCplt) for UART_DMATxHalfCplt
    stm32f1xx_hal_uart.o(i.HAL_UART_Transmit_DMA) refers to stm32f1xx_hal_uart.o(i.UART_DMAError) for UART_DMAError
    stm32f1xx_hal_uart.o(i.UART_DMAAbortOnError) refers to stm32f1xx_hal_uart.o(i.HAL_UART_ErrorCallback) for HAL_UART_ErrorCallback
    stm32f1xx_hal_uart.o(i.UART_DMAError) refers to stm32f1xx_hal_uart.o(i.UART_EndTxTransfer) for UART_EndTxTransfer
    stm32f1xx_hal_uart.o(i.UART_DMAError) refers to stm32f1xx_hal_uart.o(i.UART_EndRxTransfer) for UART_EndRxTransfer
    stm32f1xx_hal_uart.o(i.UART_DMAError) refers to stm32f1xx_hal_uart.o(i.HAL_UART_ErrorCallback) for HAL_UART_ErrorCallback
    stm32f1xx_hal_uart.o(i.UART_DMAReceiveCplt) refers to main.o(i.HAL_UART_RxCpltCallback) for HAL_UART_RxCpltCallback
    stm32f1xx_hal_uart.o(i.UART_DMARxAbortCallback) refers to stm32f1xx_hal_uart.o(i.HAL_UART_AbortCpltCallback) for HAL_UART_AbortCpltCallback
    stm32f1xx_hal_uart.o(i.UART_DMARxHalfCplt) refers to stm32f1xx_hal_uart.o(i.HAL_UART_RxHalfCpltCallback) for HAL_UART_RxHalfCpltCallback
    stm32f1xx_hal_uart.o(i.UART_DMARxOnlyAbortCallback) refers to stm32f1xx_hal_uart.o(i.HAL_UART_AbortReceiveCpltCallback) for HAL_UART_AbortReceiveCpltCallback
    stm32f1xx_hal_uart.o(i.UART_DMATransmitCplt) refers to stm32f1xx_hal_uart.o(i.HAL_UART_TxCpltCallback) for HAL_UART_TxCpltCallback
    stm32f1xx_hal_uart.o(i.UART_DMATxAbortCallback) refers to stm32f1xx_hal_uart.o(i.HAL_UART_AbortCpltCallback) for HAL_UART_AbortCpltCallback
    stm32f1xx_hal_uart.o(i.UART_DMATxHalfCplt) refers to stm32f1xx_hal_uart.o(i.HAL_UART_TxHalfCpltCallback) for HAL_UART_TxHalfCpltCallback
    stm32f1xx_hal_uart.o(i.UART_DMATxOnlyAbortCallback) refers to stm32f1xx_hal_uart.o(i.HAL_UART_AbortTransmitCpltCallback) for HAL_UART_AbortTransmitCpltCallback
    stm32f1xx_hal_uart.o(i.UART_Receive_IT) refers to main.o(i.HAL_UART_RxCpltCallback) for HAL_UART_RxCpltCallback
    stm32f1xx_hal_uart.o(i.UART_SetConfig) refers to stm32f1xx_hal_rcc.o(i.HAL_RCC_GetPCLK2Freq) for HAL_RCC_GetPCLK2Freq
    stm32f1xx_hal_uart.o(i.UART_SetConfig) refers to stm32f1xx_hal_rcc.o(i.HAL_RCC_GetPCLK1Freq) for HAL_RCC_GetPCLK1Freq
    stm32f1xx_hal_uart.o(i.UART_WaitOnFlagUntilTimeout) refers to stm32f1xx_hal.o(i.HAL_GetTick) for HAL_GetTick
    system_stm32f1xx.o(i.SystemCoreClockUpdate) refers to system_stm32f1xx.o(.data) for .data
    system_stm32f1xx.o(i.SystemCoreClockUpdate) refers to system_stm32f1xx.o(.constdata) for .constdata
    entry.o(.ARM.Collect$$$$00000000) refers (Special) to entry10a.o(.ARM.Collect$$$$0000000D) for __rt_final_cpp
    entry.o(.ARM.Collect$$$$00000000) refers (Special) to entry11a.o(.ARM.Collect$$$$0000000F) for __rt_final_exit
    entry.o(.ARM.Collect$$$$00000000) refers (Special) to entry7b.o(.ARM.Collect$$$$00000008) for _main_clock
    entry.o(.ARM.Collect$$$$00000000) refers (Special) to entry8b.o(.ARM.Collect$$$$0000000A) for _main_cpp_init
    entry.o(.ARM.Collect$$$$00000000) refers (Special) to entry9a.o(.ARM.Collect$$$$0000000B) for _main_init
    entry.o(.ARM.Collect$$$$00000000) refers (Special) to entry5.o(.ARM.Collect$$$$00000004) for _main_scatterload
    entry.o(.ARM.Collect$$$$00000000) refers (Special) to entry2.o(.ARM.Collect$$$$00000001) for _main_stk
    entry2.o(.ARM.Collect$$$$00000001) refers to entry2.o(.ARM.Collect$$$$00002712) for __lit__00000000
    entry2.o(.ARM.Collect$$$$00002712) refers to startup_stm32f103xb.o(STACK) for __initial_sp
    entry2.o(__vectab_stack_and_reset_area) refers to startup_stm32f103xb.o(STACK) for __initial_sp
    entry2.o(__vectab_stack_and_reset_area) refers to entry.o(.ARM.Collect$$$$00000000) for __main
    entry5.o(.ARM.Collect$$$$00000004) refers to init.o(.text) for __scatterload
    entry9a.o(.ARM.Collect$$$$0000000B) refers to main.o(i.main) for main
    entry9b.o(.ARM.Collect$$$$0000000C) refers to main.o(i.main) for main
    init.o(.text) refers to entry5.o(.ARM.Collect$$$$00000004) for __main_after_scatterload


==============================================================================

Removing Unused input sections from the image.

    Removing startup_stm32f103xb.o(HEAP), (512 bytes).
    Removing main.o(.rev16_text), (4 bytes).
    Removing main.o(.revsh_text), (4 bytes).
    Removing main.o(.rrx_text), (6 bytes).
    Removing main.o(i.fputc), (24 bytes).
    Removing gpio.o(.rev16_text), (4 bytes).
    Removing gpio.o(.revsh_text), (4 bytes).
    Removing gpio.o(.rrx_text), (6 bytes).
    Removing tim.o(.rev16_text), (4 bytes).
    Removing tim.o(.revsh_text), (4 bytes).
    Removing tim.o(.rrx_text), (6 bytes).
    Removing tim.o(i.HAL_TIM_PWM_MspDeInit), (48 bytes).
    Removing usart.o(.rev16_text), (4 bytes).
    Removing usart.o(.revsh_text), (4 bytes).
    Removing usart.o(.rrx_text), (6 bytes).
    Removing usart.o(i.HAL_UART_MspDeInit), (56 bytes).
    Removing stm32f1xx_it.o(.rev16_text), (4 bytes).
    Removing stm32f1xx_it.o(.revsh_text), (4 bytes).
    Removing stm32f1xx_it.o(.rrx_text), (6 bytes).
    Removing stm32f1xx_hal_msp.o(.rev16_text), (4 bytes).
    Removing stm32f1xx_hal_msp.o(.revsh_text), (4 bytes).
    Removing stm32f1xx_hal_msp.o(.rrx_text), (6 bytes).
    Removing stm32f1xx_hal_gpio_ex.o(.rev16_text), (4 bytes).
    Removing stm32f1xx_hal_gpio_ex.o(.revsh_text), (4 bytes).
    Removing stm32f1xx_hal_gpio_ex.o(.rrx_text), (6 bytes).
    Removing stm32f1xx_hal_gpio_ex.o(i.HAL_GPIOEx_ConfigEventout), (20 bytes).
    Removing stm32f1xx_hal_gpio_ex.o(i.HAL_GPIOEx_DisableEventout), (16 bytes).
    Removing stm32f1xx_hal_gpio_ex.o(i.HAL_GPIOEx_EnableEventout), (16 bytes).
    Removing stm32f1xx_hal_tim.o(.rev16_text), (4 bytes).
    Removing stm32f1xx_hal_tim.o(.revsh_text), (4 bytes).
    Removing stm32f1xx_hal_tim.o(.rrx_text), (6 bytes).
    Removing stm32f1xx_hal_tim.o(i.HAL_TIM_Base_DeInit), (92 bytes).
    Removing stm32f1xx_hal_tim.o(i.HAL_TIM_Base_GetState), (6 bytes).
    Removing stm32f1xx_hal_tim.o(i.HAL_TIM_Base_Init), (90 bytes).
    Removing stm32f1xx_hal_tim.o(i.HAL_TIM_Base_MspDeInit), (2 bytes).
    Removing stm32f1xx_hal_tim.o(i.HAL_TIM_Base_MspInit), (2 bytes).
    Removing stm32f1xx_hal_tim.o(i.HAL_TIM_Base_Start), (80 bytes).
    Removing stm32f1xx_hal_tim.o(i.HAL_TIM_Base_Start_DMA), (152 bytes).
    Removing stm32f1xx_hal_tim.o(i.HAL_TIM_Base_Start_IT), (88 bytes).
    Removing stm32f1xx_hal_tim.o(i.HAL_TIM_Base_Stop), (38 bytes).
    Removing stm32f1xx_hal_tim.o(i.HAL_TIM_Base_Stop_DMA), (58 bytes).
    Removing stm32f1xx_hal_tim.o(i.HAL_TIM_Base_Stop_IT), (48 bytes).
    Removing stm32f1xx_hal_tim.o(i.HAL_TIM_ConfigClockSource), (214 bytes).
    Removing stm32f1xx_hal_tim.o(i.HAL_TIM_ConfigOCrefClear), (210 bytes).
    Removing stm32f1xx_hal_tim.o(i.HAL_TIM_ConfigTI1Input), (16 bytes).
    Removing stm32f1xx_hal_tim.o(i.HAL_TIM_DMABurstState), (6 bytes).
    Removing stm32f1xx_hal_tim.o(i.HAL_TIM_DMABurst_MultiReadStart), (324 bytes).
    Removing stm32f1xx_hal_tim.o(i.HAL_TIM_DMABurst_MultiWriteStart), (324 bytes).
    Removing stm32f1xx_hal_tim.o(i.HAL_TIM_DMABurst_ReadStart), (18 bytes).
    Removing stm32f1xx_hal_tim.o(i.HAL_TIM_DMABurst_ReadStop), (102 bytes).
    Removing stm32f1xx_hal_tim.o(i.HAL_TIM_DMABurst_WriteStart), (18 bytes).
    Removing stm32f1xx_hal_tim.o(i.HAL_TIM_DMABurst_WriteStop), (102 bytes).
    Removing stm32f1xx_hal_tim.o(i.HAL_TIM_Encoder_DeInit), (76 bytes).
    Removing stm32f1xx_hal_tim.o(i.HAL_TIM_Encoder_GetState), (6 bytes).
    Removing stm32f1xx_hal_tim.o(i.HAL_TIM_Encoder_Init), (164 bytes).
    Removing stm32f1xx_hal_tim.o(i.HAL_TIM_Encoder_MspDeInit), (2 bytes).
    Removing stm32f1xx_hal_tim.o(i.HAL_TIM_Encoder_MspInit), (2 bytes).
    Removing stm32f1xx_hal_tim.o(i.HAL_TIM_Encoder_Start), (142 bytes).
    Removing stm32f1xx_hal_tim.o(i.HAL_TIM_Encoder_Start_DMA), (460 bytes).
    Removing stm32f1xx_hal_tim.o(i.HAL_TIM_Encoder_Start_IT), (182 bytes).
    Removing stm32f1xx_hal_tim.o(i.HAL_TIM_Encoder_Stop), (102 bytes).
    Removing stm32f1xx_hal_tim.o(i.HAL_TIM_Encoder_Stop_DMA), (172 bytes).
    Removing stm32f1xx_hal_tim.o(i.HAL_TIM_Encoder_Stop_IT), (144 bytes).
    Removing stm32f1xx_hal_tim.o(i.HAL_TIM_ErrorCallback), (2 bytes).
    Removing stm32f1xx_hal_tim.o(i.HAL_TIM_GenerateEvent), (38 bytes).
    Removing stm32f1xx_hal_tim.o(i.HAL_TIM_GetActiveChannel), (4 bytes).
    Removing stm32f1xx_hal_tim.o(i.HAL_TIM_GetChannelState), (34 bytes).
    Removing stm32f1xx_hal_tim.o(i.HAL_TIM_IC_CaptureCallback), (2 bytes).
    Removing stm32f1xx_hal_tim.o(i.HAL_TIM_IC_CaptureHalfCpltCallback), (2 bytes).
    Removing stm32f1xx_hal_tim.o(i.HAL_TIM_IC_ConfigChannel), (270 bytes).
    Removing stm32f1xx_hal_tim.o(i.HAL_TIM_IC_DeInit), (92 bytes).
    Removing stm32f1xx_hal_tim.o(i.HAL_TIM_IC_GetState), (6 bytes).
    Removing stm32f1xx_hal_tim.o(i.HAL_TIM_IC_Init), (90 bytes).
    Removing stm32f1xx_hal_tim.o(i.HAL_TIM_IC_MspDeInit), (2 bytes).
    Removing stm32f1xx_hal_tim.o(i.HAL_TIM_IC_MspInit), (2 bytes).
    Removing stm32f1xx_hal_tim.o(i.HAL_TIM_IC_Start), (184 bytes).
    Removing stm32f1xx_hal_tim.o(i.HAL_TIM_IC_Start_DMA), (376 bytes).
    Removing stm32f1xx_hal_tim.o(i.HAL_TIM_IC_Start_IT), (224 bytes).
    Removing stm32f1xx_hal_tim.o(i.HAL_TIM_IC_Stop), (82 bytes).
    Removing stm32f1xx_hal_tim.o(i.HAL_TIM_IC_Stop_DMA), (156 bytes).
    Removing stm32f1xx_hal_tim.o(i.HAL_TIM_IC_Stop_IT), (134 bytes).
    Removing stm32f1xx_hal_tim.o(i.HAL_TIM_IRQHandler), (358 bytes).
    Removing stm32f1xx_hal_tim.o(i.HAL_TIM_OC_ConfigChannel), (76 bytes).
    Removing stm32f1xx_hal_tim.o(i.HAL_TIM_OC_DeInit), (92 bytes).
    Removing stm32f1xx_hal_tim.o(i.HAL_TIM_OC_DelayElapsedCallback), (2 bytes).
    Removing stm32f1xx_hal_tim.o(i.HAL_TIM_OC_GetState), (6 bytes).
    Removing stm32f1xx_hal_tim.o(i.HAL_TIM_OC_Init), (90 bytes).
    Removing stm32f1xx_hal_tim.o(i.HAL_TIM_OC_MspDeInit), (2 bytes).
    Removing stm32f1xx_hal_tim.o(i.HAL_TIM_OC_MspInit), (2 bytes).
    Removing stm32f1xx_hal_tim.o(i.HAL_TIM_OC_Start), (156 bytes).
    Removing stm32f1xx_hal_tim.o(i.HAL_TIM_OC_Start_DMA), (388 bytes).
    Removing stm32f1xx_hal_tim.o(i.HAL_TIM_OC_Start_IT), (196 bytes).
    Removing stm32f1xx_hal_tim.o(i.HAL_TIM_OC_Stop), (112 bytes).
    Removing stm32f1xx_hal_tim.o(i.HAL_TIM_OC_Stop_DMA), (184 bytes).
    Removing stm32f1xx_hal_tim.o(i.HAL_TIM_OC_Stop_IT), (164 bytes).
    Removing stm32f1xx_hal_tim.o(i.HAL_TIM_OnePulse_ConfigChannel), (218 bytes).
    Removing stm32f1xx_hal_tim.o(i.HAL_TIM_OnePulse_DeInit), (76 bytes).
    Removing stm32f1xx_hal_tim.o(i.HAL_TIM_OnePulse_GetState), (6 bytes).
    Removing stm32f1xx_hal_tim.o(i.HAL_TIM_OnePulse_Init), (86 bytes).
    Removing stm32f1xx_hal_tim.o(i.HAL_TIM_OnePulse_MspDeInit), (2 bytes).
    Removing stm32f1xx_hal_tim.o(i.HAL_TIM_OnePulse_MspInit), (2 bytes).
    Removing stm32f1xx_hal_tim.o(i.HAL_TIM_OnePulse_Start), (104 bytes).
    Removing stm32f1xx_hal_tim.o(i.HAL_TIM_OnePulse_Start_IT), (124 bytes).
    Removing stm32f1xx_hal_tim.o(i.HAL_TIM_OnePulse_Stop), (100 bytes).
    Removing stm32f1xx_hal_tim.o(i.HAL_TIM_OnePulse_Stop_IT), (120 bytes).
    Removing stm32f1xx_hal_tim.o(i.HAL_TIM_PWM_DeInit), (92 bytes).
    Removing stm32f1xx_hal_tim.o(i.HAL_TIM_PWM_GetState), (6 bytes).
    Removing stm32f1xx_hal_tim.o(i.HAL_TIM_PWM_MspDeInit), (2 bytes).
    Removing stm32f1xx_hal_tim.o(i.HAL_TIM_PWM_MspInit), (2 bytes).
    Removing stm32f1xx_hal_tim.o(i.HAL_TIM_PWM_PulseFinishedCallback), (2 bytes).
    Removing stm32f1xx_hal_tim.o(i.HAL_TIM_PWM_PulseFinishedHalfCpltCallback), (2 bytes).
    Removing stm32f1xx_hal_tim.o(i.HAL_TIM_PWM_Start_DMA), (388 bytes).
    Removing stm32f1xx_hal_tim.o(i.HAL_TIM_PWM_Start_IT), (196 bytes).
    Removing stm32f1xx_hal_tim.o(i.HAL_TIM_PWM_Stop), (112 bytes).
    Removing stm32f1xx_hal_tim.o(i.HAL_TIM_PWM_Stop_DMA), (184 bytes).
    Removing stm32f1xx_hal_tim.o(i.HAL_TIM_PWM_Stop_IT), (164 bytes).
    Removing stm32f1xx_hal_tim.o(i.HAL_TIM_PeriodElapsedCallback), (2 bytes).
    Removing stm32f1xx_hal_tim.o(i.HAL_TIM_PeriodElapsedHalfCpltCallback), (2 bytes).
    Removing stm32f1xx_hal_tim.o(i.HAL_TIM_ReadCapturedValue), (42 bytes).
    Removing stm32f1xx_hal_tim.o(i.HAL_TIM_SlaveConfigSynchro), (86 bytes).
    Removing stm32f1xx_hal_tim.o(i.HAL_TIM_SlaveConfigSynchro_IT), (86 bytes).
    Removing stm32f1xx_hal_tim.o(i.HAL_TIM_TriggerCallback), (2 bytes).
    Removing stm32f1xx_hal_tim.o(i.HAL_TIM_TriggerHalfCpltCallback), (2 bytes).
    Removing stm32f1xx_hal_tim.o(i.TIM_DMACaptureCplt), (110 bytes).
    Removing stm32f1xx_hal_tim.o(i.TIM_DMACaptureHalfCplt), (56 bytes).
    Removing stm32f1xx_hal_tim.o(i.TIM_DMADelayPulseCplt), (94 bytes).
    Removing stm32f1xx_hal_tim.o(i.TIM_DMADelayPulseHalfCplt), (56 bytes).
    Removing stm32f1xx_hal_tim.o(i.TIM_DMAError), (84 bytes).
    Removing stm32f1xx_hal_tim.o(i.TIM_DMAPeriodElapsedCplt), (22 bytes).
    Removing stm32f1xx_hal_tim.o(i.TIM_DMAPeriodElapsedHalfCplt), (10 bytes).
    Removing stm32f1xx_hal_tim.o(i.TIM_DMATriggerCplt), (22 bytes).
    Removing stm32f1xx_hal_tim.o(i.TIM_DMATriggerHalfCplt), (10 bytes).
    Removing stm32f1xx_hal_tim.o(i.TIM_ETR_SetConfig), (20 bytes).
    Removing stm32f1xx_hal_tim.o(i.TIM_ITRx_SetConfig), (16 bytes).
    Removing stm32f1xx_hal_tim.o(i.TIM_SlaveTimer_SetConfig), (134 bytes).
    Removing stm32f1xx_hal_tim.o(i.TIM_TI1_ConfigInputStage), (34 bytes).
    Removing stm32f1xx_hal_tim.o(i.TIM_TI1_SetConfig), (88 bytes).
    Removing stm32f1xx_hal_tim.o(i.TIM_TI2_ConfigInputStage), (36 bytes).
    Removing stm32f1xx_hal_tim.o(i.TIM_TI2_SetConfig), (54 bytes).
    Removing stm32f1xx_hal_tim_ex.o(.rev16_text), (4 bytes).
    Removing stm32f1xx_hal_tim_ex.o(.revsh_text), (4 bytes).
    Removing stm32f1xx_hal_tim_ex.o(.rrx_text), (6 bytes).
    Removing stm32f1xx_hal_tim_ex.o(i.HAL_TIMEx_BreakCallback), (2 bytes).
    Removing stm32f1xx_hal_tim_ex.o(i.HAL_TIMEx_CommutCallback), (2 bytes).
    Removing stm32f1xx_hal_tim_ex.o(i.HAL_TIMEx_CommutHalfCpltCallback), (2 bytes).
    Removing stm32f1xx_hal_tim_ex.o(i.HAL_TIMEx_ConfigBreakDeadTime), (84 bytes).
    Removing stm32f1xx_hal_tim_ex.o(i.HAL_TIMEx_ConfigCommutEvent), (112 bytes).
    Removing stm32f1xx_hal_tim_ex.o(i.HAL_TIMEx_ConfigCommutEvent_DMA), (144 bytes).
    Removing stm32f1xx_hal_tim_ex.o(i.HAL_TIMEx_ConfigCommutEvent_IT), (112 bytes).
    Removing stm32f1xx_hal_tim_ex.o(i.HAL_TIMEx_GetChannelNState), (34 bytes).
    Removing stm32f1xx_hal_tim_ex.o(i.HAL_TIMEx_HallSensor_DeInit), (76 bytes).
    Removing stm32f1xx_hal_tim_ex.o(i.HAL_TIMEx_HallSensor_GetState), (6 bytes).
    Removing stm32f1xx_hal_tim_ex.o(i.HAL_TIMEx_HallSensor_Init), (208 bytes).
    Removing stm32f1xx_hal_tim_ex.o(i.HAL_TIMEx_HallSensor_MspDeInit), (2 bytes).
    Removing stm32f1xx_hal_tim_ex.o(i.HAL_TIMEx_HallSensor_MspInit), (2 bytes).
    Removing stm32f1xx_hal_tim_ex.o(i.HAL_TIMEx_HallSensor_Start), (128 bytes).
    Removing stm32f1xx_hal_tim_ex.o(i.HAL_TIMEx_HallSensor_Start_DMA), (184 bytes).
    Removing stm32f1xx_hal_tim_ex.o(i.HAL_TIMEx_HallSensor_Start_IT), (140 bytes).
    Removing stm32f1xx_hal_tim_ex.o(i.HAL_TIMEx_HallSensor_Stop), (58 bytes).
    Removing stm32f1xx_hal_tim_ex.o(i.HAL_TIMEx_HallSensor_Stop_DMA), (70 bytes).
    Removing stm32f1xx_hal_tim_ex.o(i.HAL_TIMEx_HallSensor_Stop_IT), (68 bytes).
    Removing stm32f1xx_hal_tim_ex.o(i.HAL_TIMEx_OCN_Start), (152 bytes).
    Removing stm32f1xx_hal_tim_ex.o(i.HAL_TIMEx_OCN_Start_DMA), (336 bytes).
    Removing stm32f1xx_hal_tim_ex.o(i.HAL_TIMEx_OCN_Start_IT), (188 bytes).
    Removing stm32f1xx_hal_tim_ex.o(i.HAL_TIMEx_OCN_Stop), (104 bytes).
    Removing stm32f1xx_hal_tim_ex.o(i.HAL_TIMEx_OCN_Stop_DMA), (158 bytes).
    Removing stm32f1xx_hal_tim_ex.o(i.HAL_TIMEx_OCN_Stop_IT), (160 bytes).
    Removing stm32f1xx_hal_tim_ex.o(i.HAL_TIMEx_OnePulseN_Start), (170 bytes).
    Removing stm32f1xx_hal_tim_ex.o(i.HAL_TIMEx_OnePulseN_Start_IT), (190 bytes).
    Removing stm32f1xx_hal_tim_ex.o(i.HAL_TIMEx_OnePulseN_Stop), (154 bytes).
    Removing stm32f1xx_hal_tim_ex.o(i.HAL_TIMEx_OnePulseN_Stop_IT), (176 bytes).
    Removing stm32f1xx_hal_tim_ex.o(i.HAL_TIMEx_PWMN_Start), (152 bytes).
    Removing stm32f1xx_hal_tim_ex.o(i.HAL_TIMEx_PWMN_Start_DMA), (336 bytes).
    Removing stm32f1xx_hal_tim_ex.o(i.HAL_TIMEx_PWMN_Start_IT), (188 bytes).
    Removing stm32f1xx_hal_tim_ex.o(i.HAL_TIMEx_PWMN_Stop), (104 bytes).
    Removing stm32f1xx_hal_tim_ex.o(i.HAL_TIMEx_PWMN_Stop_DMA), (158 bytes).
    Removing stm32f1xx_hal_tim_ex.o(i.HAL_TIMEx_PWMN_Stop_IT), (160 bytes).
    Removing stm32f1xx_hal_tim_ex.o(i.HAL_TIMEx_RemapConfig), (4 bytes).
    Removing stm32f1xx_hal_tim_ex.o(i.TIMEx_DMACommutationCplt), (16 bytes).
    Removing stm32f1xx_hal_tim_ex.o(i.TIMEx_DMACommutationHalfCplt), (16 bytes).
    Removing stm32f1xx_hal_tim_ex.o(i.TIM_CCxNChannelCmd), (26 bytes).
    Removing stm32f1xx_hal_tim_ex.o(i.TIM_DMADelayPulseNCplt), (94 bytes).
    Removing stm32f1xx_hal_tim_ex.o(i.TIM_DMAErrorCCxN), (62 bytes).
    Removing stm32f1xx_hal.o(.rev16_text), (4 bytes).
    Removing stm32f1xx_hal.o(.revsh_text), (4 bytes).
    Removing stm32f1xx_hal.o(.rrx_text), (6 bytes).
    Removing stm32f1xx_hal.o(i.HAL_DBGMCU_DisableDBGSleepMode), (16 bytes).
    Removing stm32f1xx_hal.o(i.HAL_DBGMCU_DisableDBGStandbyMode), (16 bytes).
    Removing stm32f1xx_hal.o(i.HAL_DBGMCU_DisableDBGStopMode), (16 bytes).
    Removing stm32f1xx_hal.o(i.HAL_DBGMCU_EnableDBGSleepMode), (16 bytes).
    Removing stm32f1xx_hal.o(i.HAL_DBGMCU_EnableDBGStandbyMode), (16 bytes).
    Removing stm32f1xx_hal.o(i.HAL_DBGMCU_EnableDBGStopMode), (16 bytes).
    Removing stm32f1xx_hal.o(i.HAL_DeInit), (32 bytes).
    Removing stm32f1xx_hal.o(i.HAL_Delay), (36 bytes).
    Removing stm32f1xx_hal.o(i.HAL_GetDEVID), (16 bytes).
    Removing stm32f1xx_hal.o(i.HAL_GetHalVersion), (8 bytes).
    Removing stm32f1xx_hal.o(i.HAL_GetREVID), (12 bytes).
    Removing stm32f1xx_hal.o(i.HAL_GetTickFreq), (12 bytes).
    Removing stm32f1xx_hal.o(i.HAL_GetTickPrio), (12 bytes).
    Removing stm32f1xx_hal.o(i.HAL_GetUIDw0), (12 bytes).
    Removing stm32f1xx_hal.o(i.HAL_GetUIDw1), (12 bytes).
    Removing stm32f1xx_hal.o(i.HAL_GetUIDw2), (12 bytes).
    Removing stm32f1xx_hal.o(i.HAL_MspDeInit), (2 bytes).
    Removing stm32f1xx_hal.o(i.HAL_MspInit), (2 bytes).
    Removing stm32f1xx_hal.o(i.HAL_ResumeTick), (14 bytes).
    Removing stm32f1xx_hal.o(i.HAL_SetTickFreq), (36 bytes).
    Removing stm32f1xx_hal.o(i.HAL_SuspendTick), (14 bytes).
    Removing stm32f1xx_hal_rcc.o(.rev16_text), (4 bytes).
    Removing stm32f1xx_hal_rcc.o(.revsh_text), (4 bytes).
    Removing stm32f1xx_hal_rcc.o(.rrx_text), (6 bytes).
    Removing stm32f1xx_hal_rcc.o(i.HAL_RCC_CSSCallback), (2 bytes).
    Removing stm32f1xx_hal_rcc.o(i.HAL_RCC_DeInit), (220 bytes).
    Removing stm32f1xx_hal_rcc.o(i.HAL_RCC_DisableCSS), (12 bytes).
    Removing stm32f1xx_hal_rcc.o(i.HAL_RCC_EnableCSS), (12 bytes).
    Removing stm32f1xx_hal_rcc.o(i.HAL_RCC_GetClockConfig), (64 bytes).
    Removing stm32f1xx_hal_rcc.o(i.HAL_RCC_GetHCLKFreq), (12 bytes).
    Removing stm32f1xx_hal_rcc.o(i.HAL_RCC_GetOscConfig), (144 bytes).
    Removing stm32f1xx_hal_rcc.o(i.HAL_RCC_MCOConfig), (72 bytes).
    Removing stm32f1xx_hal_rcc.o(i.HAL_RCC_NMI_IRQHandler), (24 bytes).
    Removing stm32f1xx_hal_rcc_ex.o(.rev16_text), (4 bytes).
    Removing stm32f1xx_hal_rcc_ex.o(.revsh_text), (4 bytes).
    Removing stm32f1xx_hal_rcc_ex.o(.rrx_text), (6 bytes).
    Removing stm32f1xx_hal_rcc_ex.o(i.HAL_RCCEx_GetPeriphCLKConfig), (44 bytes).
    Removing stm32f1xx_hal_rcc_ex.o(i.HAL_RCCEx_GetPeriphCLKFreq), (200 bytes).
    Removing stm32f1xx_hal_rcc_ex.o(i.HAL_RCCEx_PeriphCLKConfig), (236 bytes).
    Removing stm32f1xx_hal_gpio.o(.rev16_text), (4 bytes).
    Removing stm32f1xx_hal_gpio.o(.revsh_text), (4 bytes).
    Removing stm32f1xx_hal_gpio.o(.rrx_text), (6 bytes).
    Removing stm32f1xx_hal_gpio.o(i.HAL_GPIO_DeInit), (252 bytes).
    Removing stm32f1xx_hal_gpio.o(i.HAL_GPIO_EXTI_Callback), (2 bytes).
    Removing stm32f1xx_hal_gpio.o(i.HAL_GPIO_EXTI_IRQHandler), (24 bytes).
    Removing stm32f1xx_hal_gpio.o(i.HAL_GPIO_LockPin), (34 bytes).
    Removing stm32f1xx_hal_gpio.o(i.HAL_GPIO_ReadPin), (10 bytes).
    Removing stm32f1xx_hal_gpio.o(i.HAL_GPIO_TogglePin), (16 bytes).
    Removing stm32f1xx_hal_gpio.o(i.HAL_GPIO_WritePin), (10 bytes).
    Removing stm32f1xx_hal_dma.o(.rev16_text), (4 bytes).
    Removing stm32f1xx_hal_dma.o(.revsh_text), (4 bytes).
    Removing stm32f1xx_hal_dma.o(.rrx_text), (6 bytes).
    Removing stm32f1xx_hal_dma.o(i.DMA_SetConfig), (42 bytes).
    Removing stm32f1xx_hal_dma.o(i.HAL_DMA_Abort), (70 bytes).
    Removing stm32f1xx_hal_dma.o(i.HAL_DMA_DeInit), (92 bytes).
    Removing stm32f1xx_hal_dma.o(i.HAL_DMA_GetError), (4 bytes).
    Removing stm32f1xx_hal_dma.o(i.HAL_DMA_GetState), (6 bytes).
    Removing stm32f1xx_hal_dma.o(i.HAL_DMA_IRQHandler), (340 bytes).
    Removing stm32f1xx_hal_dma.o(i.HAL_DMA_Init), (92 bytes).
    Removing stm32f1xx_hal_dma.o(i.HAL_DMA_PollForTransfer), (532 bytes).
    Removing stm32f1xx_hal_dma.o(i.HAL_DMA_RegisterCallback), (74 bytes).
    Removing stm32f1xx_hal_dma.o(i.HAL_DMA_Start), (80 bytes).
    Removing stm32f1xx_hal_dma.o(i.HAL_DMA_Start_IT), (112 bytes).
    Removing stm32f1xx_hal_dma.o(i.HAL_DMA_UnRegisterCallback), (82 bytes).
    Removing stm32f1xx_hal_cortex.o(.rev16_text), (4 bytes).
    Removing stm32f1xx_hal_cortex.o(.revsh_text), (4 bytes).
    Removing stm32f1xx_hal_cortex.o(.rrx_text), (6 bytes).
    Removing stm32f1xx_hal_cortex.o(i.HAL_NVIC_ClearPendingIRQ), (26 bytes).
    Removing stm32f1xx_hal_cortex.o(i.HAL_NVIC_DisableIRQ), (34 bytes).
    Removing stm32f1xx_hal_cortex.o(i.HAL_NVIC_GetActive), (36 bytes).
    Removing stm32f1xx_hal_cortex.o(i.HAL_NVIC_GetPendingIRQ), (36 bytes).
    Removing stm32f1xx_hal_cortex.o(i.HAL_NVIC_GetPriority), (82 bytes).
    Removing stm32f1xx_hal_cortex.o(i.HAL_NVIC_GetPriorityGrouping), (16 bytes).
    Removing stm32f1xx_hal_cortex.o(i.HAL_NVIC_SetPendingIRQ), (26 bytes).
    Removing stm32f1xx_hal_cortex.o(i.HAL_NVIC_SystemReset), (36 bytes).
    Removing stm32f1xx_hal_cortex.o(i.HAL_SYSTICK_CLKSourceConfig), (24 bytes).
    Removing stm32f1xx_hal_cortex.o(i.HAL_SYSTICK_Callback), (2 bytes).
    Removing stm32f1xx_hal_cortex.o(i.HAL_SYSTICK_IRQHandler), (8 bytes).
    Removing stm32f1xx_hal_pwr.o(.rev16_text), (4 bytes).
    Removing stm32f1xx_hal_pwr.o(.revsh_text), (4 bytes).
    Removing stm32f1xx_hal_pwr.o(.rrx_text), (6 bytes).
    Removing stm32f1xx_hal_pwr.o(i.HAL_PWR_ConfigPVD), (124 bytes).
    Removing stm32f1xx_hal_pwr.o(i.HAL_PWR_DeInit), (24 bytes).
    Removing stm32f1xx_hal_pwr.o(i.HAL_PWR_DisableBkUpAccess), (12 bytes).
    Removing stm32f1xx_hal_pwr.o(i.HAL_PWR_DisablePVD), (12 bytes).
    Removing stm32f1xx_hal_pwr.o(i.HAL_PWR_DisableSEVOnPend), (16 bytes).
    Removing stm32f1xx_hal_pwr.o(i.HAL_PWR_DisableSleepOnExit), (16 bytes).
    Removing stm32f1xx_hal_pwr.o(i.HAL_PWR_DisableWakeUpPin), (28 bytes).
    Removing stm32f1xx_hal_pwr.o(i.HAL_PWR_EnableBkUpAccess), (12 bytes).
    Removing stm32f1xx_hal_pwr.o(i.HAL_PWR_EnablePVD), (12 bytes).
    Removing stm32f1xx_hal_pwr.o(i.HAL_PWR_EnableSEVOnPend), (16 bytes).
    Removing stm32f1xx_hal_pwr.o(i.HAL_PWR_EnableSleepOnExit), (16 bytes).
    Removing stm32f1xx_hal_pwr.o(i.HAL_PWR_EnableWakeUpPin), (28 bytes).
    Removing stm32f1xx_hal_pwr.o(i.HAL_PWR_EnterSLEEPMode), (32 bytes).
    Removing stm32f1xx_hal_pwr.o(i.HAL_PWR_EnterSTANDBYMode), (32 bytes).
    Removing stm32f1xx_hal_pwr.o(i.HAL_PWR_EnterSTOPMode), (68 bytes).
    Removing stm32f1xx_hal_pwr.o(i.HAL_PWR_PVDCallback), (2 bytes).
    Removing stm32f1xx_hal_pwr.o(i.HAL_PWR_PVD_IRQHandler), (28 bytes).
    Removing stm32f1xx_hal_pwr.o(i.PWR_OverloadWfe), (6 bytes).
    Removing stm32f1xx_hal_flash.o(.rev16_text), (4 bytes).
    Removing stm32f1xx_hal_flash.o(.revsh_text), (4 bytes).
    Removing stm32f1xx_hal_flash.o(.rrx_text), (6 bytes).
    Removing stm32f1xx_hal_flash.o(i.FLASH_Program_HalfWord), (28 bytes).
    Removing stm32f1xx_hal_flash.o(i.FLASH_SetErrorCode), (92 bytes).
    Removing stm32f1xx_hal_flash.o(i.FLASH_WaitForLastOperation), (84 bytes).
    Removing stm32f1xx_hal_flash.o(i.HAL_FLASH_EndOfOperationCallback), (2 bytes).
    Removing stm32f1xx_hal_flash.o(i.HAL_FLASH_GetError), (12 bytes).
    Removing stm32f1xx_hal_flash.o(i.HAL_FLASH_IRQHandler), (264 bytes).
    Removing stm32f1xx_hal_flash.o(i.HAL_FLASH_Lock), (20 bytes).
    Removing stm32f1xx_hal_flash.o(i.HAL_FLASH_OB_Launch), (4 bytes).
    Removing stm32f1xx_hal_flash.o(i.HAL_FLASH_OB_Lock), (20 bytes).
    Removing stm32f1xx_hal_flash.o(i.HAL_FLASH_OB_Unlock), (36 bytes).
    Removing stm32f1xx_hal_flash.o(i.HAL_FLASH_OperationErrorCallback), (2 bytes).
    Removing stm32f1xx_hal_flash.o(i.HAL_FLASH_Program), (128 bytes).
    Removing stm32f1xx_hal_flash.o(i.HAL_FLASH_Program_IT), (100 bytes).
    Removing stm32f1xx_hal_flash.o(i.HAL_FLASH_Unlock), (40 bytes).
    Removing stm32f1xx_hal_flash.o(.bss), (32 bytes).
    Removing stm32f1xx_hal_flash_ex.o(.rev16_text), (4 bytes).
    Removing stm32f1xx_hal_flash_ex.o(.revsh_text), (4 bytes).
    Removing stm32f1xx_hal_flash_ex.o(.rrx_text), (6 bytes).
    Removing stm32f1xx_hal_flash_ex.o(i.FLASH_MassErase), (36 bytes).
    Removing stm32f1xx_hal_flash_ex.o(i.FLASH_OB_DisableWRP), (176 bytes).
    Removing stm32f1xx_hal_flash_ex.o(i.FLASH_OB_EnableWRP), (176 bytes).
    Removing stm32f1xx_hal_flash_ex.o(i.FLASH_OB_GetRDP), (24 bytes).
    Removing stm32f1xx_hal_flash_ex.o(i.FLASH_OB_RDP_LevelConfig), (100 bytes).
    Removing stm32f1xx_hal_flash_ex.o(i.FLASH_PageErase), (36 bytes).
    Removing stm32f1xx_hal_flash_ex.o(i.HAL_FLASHEx_Erase), (168 bytes).
    Removing stm32f1xx_hal_flash_ex.o(i.HAL_FLASHEx_Erase_IT), (84 bytes).
    Removing stm32f1xx_hal_flash_ex.o(i.HAL_FLASHEx_OBErase), (84 bytes).
    Removing stm32f1xx_hal_flash_ex.o(i.HAL_FLASHEx_OBGetConfig), (36 bytes).
    Removing stm32f1xx_hal_flash_ex.o(i.HAL_FLASHEx_OBGetUserData), (32 bytes).
    Removing stm32f1xx_hal_flash_ex.o(i.HAL_FLASHEx_OBProgram), (200 bytes).
    Removing stm32f1xx_hal_exti.o(.rev16_text), (4 bytes).
    Removing stm32f1xx_hal_exti.o(.revsh_text), (4 bytes).
    Removing stm32f1xx_hal_exti.o(.rrx_text), (6 bytes).
    Removing stm32f1xx_hal_exti.o(i.HAL_EXTI_ClearConfigLine), (104 bytes).
    Removing stm32f1xx_hal_exti.o(i.HAL_EXTI_ClearPending), (20 bytes).
    Removing stm32f1xx_hal_exti.o(i.HAL_EXTI_GenerateSWI), (20 bytes).
    Removing stm32f1xx_hal_exti.o(i.HAL_EXTI_GetConfigLine), (152 bytes).
    Removing stm32f1xx_hal_exti.o(i.HAL_EXTI_GetHandle), (12 bytes).
    Removing stm32f1xx_hal_exti.o(i.HAL_EXTI_GetPending), (24 bytes).
    Removing stm32f1xx_hal_exti.o(i.HAL_EXTI_IRQHandler), (36 bytes).
    Removing stm32f1xx_hal_exti.o(i.HAL_EXTI_RegisterCallback), (14 bytes).
    Removing stm32f1xx_hal_exti.o(i.HAL_EXTI_SetConfigLine), (164 bytes).
    Removing stm32f1xx_hal_uart.o(.rev16_text), (4 bytes).
    Removing stm32f1xx_hal_uart.o(.revsh_text), (4 bytes).
    Removing stm32f1xx_hal_uart.o(.rrx_text), (6 bytes).
    Removing stm32f1xx_hal_uart.o(i.HAL_HalfDuplex_EnableReceiver), (50 bytes).
    Removing stm32f1xx_hal_uart.o(i.HAL_HalfDuplex_EnableTransmitter), (50 bytes).
    Removing stm32f1xx_hal_uart.o(i.HAL_HalfDuplex_Init), (108 bytes).
    Removing stm32f1xx_hal_uart.o(i.HAL_LIN_Init), (128 bytes).
    Removing stm32f1xx_hal_uart.o(i.HAL_LIN_SendBreak), (46 bytes).
    Removing stm32f1xx_hal_uart.o(i.HAL_MultiProcessor_EnterMuteMode), (46 bytes).
    Removing stm32f1xx_hal_uart.o(i.HAL_MultiProcessor_ExitMuteMode), (46 bytes).
    Removing stm32f1xx_hal_uart.o(i.HAL_MultiProcessor_Init), (142 bytes).
    Removing stm32f1xx_hal_uart.o(i.HAL_UART_Abort), (138 bytes).
    Removing stm32f1xx_hal_uart.o(i.HAL_UART_AbortCpltCallback), (2 bytes).
    Removing stm32f1xx_hal_uart.o(i.HAL_UART_AbortReceive), (88 bytes).
    Removing stm32f1xx_hal_uart.o(i.HAL_UART_AbortReceiveCpltCallback), (2 bytes).
    Removing stm32f1xx_hal_uart.o(i.HAL_UART_AbortReceive_IT), (92 bytes).
    Removing stm32f1xx_hal_uart.o(i.HAL_UART_AbortTransmit), (78 bytes).
    Removing stm32f1xx_hal_uart.o(i.HAL_UART_AbortTransmitCpltCallback), (2 bytes).
    Removing stm32f1xx_hal_uart.o(i.HAL_UART_AbortTransmit_IT), (84 bytes).
    Removing stm32f1xx_hal_uart.o(i.HAL_UART_Abort_IT), (172 bytes).
    Removing stm32f1xx_hal_uart.o(i.HAL_UART_DMAPause), (102 bytes).
    Removing stm32f1xx_hal_uart.o(i.HAL_UART_DMAResume), (94 bytes).
    Removing stm32f1xx_hal_uart.o(i.HAL_UART_DMAStop), (88 bytes).
    Removing stm32f1xx_hal_uart.o(i.HAL_UART_DeInit), (50 bytes).
    Removing stm32f1xx_hal_uart.o(i.HAL_UART_GetError), (4 bytes).
    Removing stm32f1xx_hal_uart.o(i.HAL_UART_GetState), (10 bytes).
    Removing stm32f1xx_hal_uart.o(i.HAL_UART_MspDeInit), (2 bytes).
    Removing stm32f1xx_hal_uart.o(i.HAL_UART_MspInit), (2 bytes).
    Removing stm32f1xx_hal_uart.o(i.HAL_UART_Receive), (188 bytes).
    Removing stm32f1xx_hal_uart.o(i.HAL_UART_Receive_DMA), (152 bytes).
    Removing stm32f1xx_hal_uart.o(i.HAL_UART_RxCpltCallback), (2 bytes).
    Removing stm32f1xx_hal_uart.o(i.HAL_UART_RxHalfCpltCallback), (2 bytes).
    Removing stm32f1xx_hal_uart.o(i.HAL_UART_Transmit), (178 bytes).
    Removing stm32f1xx_hal_uart.o(i.HAL_UART_Transmit_DMA), (128 bytes).
    Removing stm32f1xx_hal_uart.o(i.HAL_UART_Transmit_IT), (62 bytes).
    Removing stm32f1xx_hal_uart.o(i.HAL_UART_TxHalfCpltCallback), (2 bytes).
    Removing stm32f1xx_hal_uart.o(i.UART_DMAError), (74 bytes).
    Removing stm32f1xx_hal_uart.o(i.UART_DMAReceiveCplt), (60 bytes).
    Removing stm32f1xx_hal_uart.o(i.UART_DMARxAbortCallback), (42 bytes).
    Removing stm32f1xx_hal_uart.o(i.UART_DMARxHalfCplt), (10 bytes).
    Removing stm32f1xx_hal_uart.o(i.UART_DMARxOnlyAbortCallback), (20 bytes).
    Removing stm32f1xx_hal_uart.o(i.UART_DMATransmitCplt), (46 bytes).
    Removing stm32f1xx_hal_uart.o(i.UART_DMATxAbortCallback), (42 bytes).
    Removing stm32f1xx_hal_uart.o(i.UART_DMATxHalfCplt), (10 bytes).
    Removing stm32f1xx_hal_uart.o(i.UART_DMATxOnlyAbortCallback), (20 bytes).
    Removing stm32f1xx_hal_uart.o(i.UART_EndTxTransfer), (18 bytes).
    Removing stm32f1xx_hal_uart.o(i.UART_WaitOnFlagUntilTimeout), (100 bytes).
    Removing system_stm32f1xx.o(.rev16_text), (4 bytes).
    Removing system_stm32f1xx.o(.revsh_text), (4 bytes).
    Removing system_stm32f1xx.o(.rrx_text), (6 bytes).
    Removing system_stm32f1xx.o(i.SystemCoreClockUpdate), (104 bytes).

381 unused section(s) (total 25052 bytes) removed from the image.

==============================================================================

Image Symbol Table

    Local Symbols

    Symbol Name                              Value     Ov Type        Size  Object(Section)

    ../Drivers/STM32F1xx_HAL_Driver/Src/stm32f1xx_hal.c 0x00000000   Number         0  stm32f1xx_hal.o ABSOLUTE
    ../Drivers/STM32F1xx_HAL_Driver/Src/stm32f1xx_hal_cortex.c 0x00000000   Number         0  stm32f1xx_hal_cortex.o ABSOLUTE
    ../Drivers/STM32F1xx_HAL_Driver/Src/stm32f1xx_hal_dma.c 0x00000000   Number         0  stm32f1xx_hal_dma.o ABSOLUTE
    ../Drivers/STM32F1xx_HAL_Driver/Src/stm32f1xx_hal_exti.c 0x00000000   Number         0  stm32f1xx_hal_exti.o ABSOLUTE
    ../Drivers/STM32F1xx_HAL_Driver/Src/stm32f1xx_hal_flash.c 0x00000000   Number         0  stm32f1xx_hal_flash.o ABSOLUTE
    ../Drivers/STM32F1xx_HAL_Driver/Src/stm32f1xx_hal_flash_ex.c 0x00000000   Number         0  stm32f1xx_hal_flash_ex.o ABSOLUTE
    ../Drivers/STM32F1xx_HAL_Driver/Src/stm32f1xx_hal_gpio.c 0x00000000   Number         0  stm32f1xx_hal_gpio.o ABSOLUTE
    ../Drivers/STM32F1xx_HAL_Driver/Src/stm32f1xx_hal_gpio_ex.c 0x00000000   Number         0  stm32f1xx_hal_gpio_ex.o ABSOLUTE
    ../Drivers/STM32F1xx_HAL_Driver/Src/stm32f1xx_hal_pwr.c 0x00000000   Number         0  stm32f1xx_hal_pwr.o ABSOLUTE
    ../Drivers/STM32F1xx_HAL_Driver/Src/stm32f1xx_hal_rcc.c 0x00000000   Number         0  stm32f1xx_hal_rcc.o ABSOLUTE
    ../Drivers/STM32F1xx_HAL_Driver/Src/stm32f1xx_hal_rcc_ex.c 0x00000000   Number         0  stm32f1xx_hal_rcc_ex.o ABSOLUTE
    ../Drivers/STM32F1xx_HAL_Driver/Src/stm32f1xx_hal_tim.c 0x00000000   Number         0  stm32f1xx_hal_tim.o ABSOLUTE
    ../Drivers/STM32F1xx_HAL_Driver/Src/stm32f1xx_hal_tim_ex.c 0x00000000   Number         0  stm32f1xx_hal_tim_ex.o ABSOLUTE
    ../Drivers/STM32F1xx_HAL_Driver/Src/stm32f1xx_hal_uart.c 0x00000000   Number         0  stm32f1xx_hal_uart.o ABSOLUTE
    ../Src/gpio.c                            0x00000000   Number         0  gpio.o ABSOLUTE
    ../Src/main.c                            0x00000000   Number         0  main.o ABSOLUTE
    ../Src/stm32f1xx_hal_msp.c               0x00000000   Number         0  stm32f1xx_hal_msp.o ABSOLUTE
    ../Src/stm32f1xx_it.c                    0x00000000   Number         0  stm32f1xx_it.o ABSOLUTE
    ../Src/system_stm32f1xx.c                0x00000000   Number         0  system_stm32f1xx.o ABSOLUTE
    ../Src/tim.c                             0x00000000   Number         0  tim.o ABSOLUTE
    ../Src/usart.c                           0x00000000   Number         0  usart.o ABSOLUTE
    ../clib/microlib/init/entry.s            0x00000000   Number         0  entry9a.o ABSOLUTE
    ../clib/microlib/init/entry.s            0x00000000   Number         0  entry11b.o ABSOLUTE
    ../clib/microlib/init/entry.s            0x00000000   Number         0  entry11a.o ABSOLUTE
    ../clib/microlib/init/entry.s            0x00000000   Number         0  entry10b.o ABSOLUTE
    ../clib/microlib/init/entry.s            0x00000000   Number         0  entry10a.o ABSOLUTE
    ../clib/microlib/init/entry.s            0x00000000   Number         0  entry8b.o ABSOLUTE
    ../clib/microlib/init/entry.s            0x00000000   Number         0  entry8a.o ABSOLUTE
    ../clib/microlib/init/entry.s            0x00000000   Number         0  entry7a.o ABSOLUTE
    ../clib/microlib/init/entry.s            0x00000000   Number         0  entry2.o ABSOLUTE
    ../clib/microlib/init/entry.s            0x00000000   Number         0  entry5.o ABSOLUTE
    ../clib/microlib/init/entry.s            0x00000000   Number         0  entry.o ABSOLUTE
    ../clib/microlib/init/entry.s            0x00000000   Number         0  entry7b.o ABSOLUTE
    ../clib/microlib/init/entry.s            0x00000000   Number         0  entry9b.o ABSOLUTE
    ../clib/microlib/longlong.c              0x00000000   Number         0  llushr.o ABSOLUTE
    ../clib/microlib/string/memset.c         0x00000000   Number         0  memseta.o ABSOLUTE
    ..\Drivers\STM32F1xx_HAL_Driver\Src\stm32f1xx_hal.c 0x00000000   Number         0  stm32f1xx_hal.o ABSOLUTE
    ..\Drivers\STM32F1xx_HAL_Driver\Src\stm32f1xx_hal_cortex.c 0x00000000   Number         0  stm32f1xx_hal_cortex.o ABSOLUTE
    ..\Drivers\STM32F1xx_HAL_Driver\Src\stm32f1xx_hal_dma.c 0x00000000   Number         0  stm32f1xx_hal_dma.o ABSOLUTE
    ..\Drivers\STM32F1xx_HAL_Driver\Src\stm32f1xx_hal_exti.c 0x00000000   Number         0  stm32f1xx_hal_exti.o ABSOLUTE
    ..\Drivers\STM32F1xx_HAL_Driver\Src\stm32f1xx_hal_flash.c 0x00000000   Number         0  stm32f1xx_hal_flash.o ABSOLUTE
    ..\Drivers\STM32F1xx_HAL_Driver\Src\stm32f1xx_hal_flash_ex.c 0x00000000   Number         0  stm32f1xx_hal_flash_ex.o ABSOLUTE
    ..\Drivers\STM32F1xx_HAL_Driver\Src\stm32f1xx_hal_gpio.c 0x00000000   Number         0  stm32f1xx_hal_gpio.o ABSOLUTE
    ..\Drivers\STM32F1xx_HAL_Driver\Src\stm32f1xx_hal_gpio_ex.c 0x00000000   Number         0  stm32f1xx_hal_gpio_ex.o ABSOLUTE
    ..\Drivers\STM32F1xx_HAL_Driver\Src\stm32f1xx_hal_pwr.c 0x00000000   Number         0  stm32f1xx_hal_pwr.o ABSOLUTE
    ..\Drivers\STM32F1xx_HAL_Driver\Src\stm32f1xx_hal_rcc.c 0x00000000   Number         0  stm32f1xx_hal_rcc.o ABSOLUTE
    ..\Drivers\STM32F1xx_HAL_Driver\Src\stm32f1xx_hal_rcc_ex.c 0x00000000   Number         0  stm32f1xx_hal_rcc_ex.o ABSOLUTE
    ..\Drivers\STM32F1xx_HAL_Driver\Src\stm32f1xx_hal_tim.c 0x00000000   Number         0  stm32f1xx_hal_tim.o ABSOLUTE
    ..\Drivers\STM32F1xx_HAL_Driver\Src\stm32f1xx_hal_tim_ex.c 0x00000000   Number         0  stm32f1xx_hal_tim_ex.o ABSOLUTE
    ..\Drivers\STM32F1xx_HAL_Driver\Src\stm32f1xx_hal_uart.c 0x00000000   Number         0  stm32f1xx_hal_uart.o ABSOLUTE
    ..\Src\gpio.c                            0x00000000   Number         0  gpio.o ABSOLUTE
    ..\Src\main.c                            0x00000000   Number         0  main.o ABSOLUTE
    ..\Src\stm32f1xx_hal_msp.c               0x00000000   Number         0  stm32f1xx_hal_msp.o ABSOLUTE
    ..\Src\stm32f1xx_it.c                    0x00000000   Number         0  stm32f1xx_it.o ABSOLUTE
    ..\Src\system_stm32f1xx.c                0x00000000   Number         0  system_stm32f1xx.o ABSOLUTE
    ..\Src\tim.c                             0x00000000   Number         0  tim.o ABSOLUTE
    ..\Src\usart.c                           0x00000000   Number         0  usart.o ABSOLUTE
    dc.s                                     0x00000000   Number         0  dc.o ABSOLUTE
    handlers.s                               0x00000000   Number         0  handlers.o ABSOLUTE
    init.s                                   0x00000000   Number         0  init.o ABSOLUTE
    startup_stm32f103xb.s                    0x00000000   Number         0  startup_stm32f103xb.o ABSOLUTE
    RESET                                    0x08000000   Section      236  startup_stm32f103xb.o(RESET)
    .ARM.Collect$$$$00000000                 0x080000ec   Section        0  entry.o(.ARM.Collect$$$$00000000)
    .ARM.Collect$$$$00000001                 0x080000ec   Section        4  entry2.o(.ARM.Collect$$$$00000001)
    .ARM.Collect$$$$00000004                 0x080000f0   Section        4  entry5.o(.ARM.Collect$$$$00000004)
    .ARM.Collect$$$$00000008                 0x080000f4   Section        0  entry7b.o(.ARM.Collect$$$$00000008)
    .ARM.Collect$$$$0000000A                 0x080000f4   Section        0  entry8b.o(.ARM.Collect$$$$0000000A)
    .ARM.Collect$$$$0000000B                 0x080000f4   Section        8  entry9a.o(.ARM.Collect$$$$0000000B)
    .ARM.Collect$$$$0000000D                 0x080000fc   Section        0  entry10a.o(.ARM.Collect$$$$0000000D)
    .ARM.Collect$$$$0000000F                 0x080000fc   Section        0  entry11a.o(.ARM.Collect$$$$0000000F)
    .ARM.Collect$$$$00002712                 0x080000fc   Section        4  entry2.o(.ARM.Collect$$$$00002712)
    __lit__00000000                          0x080000fc   Data           4  entry2.o(.ARM.Collect$$$$00002712)
    .text                                    0x08000100   Section       36  startup_stm32f103xb.o(.text)
    .text                                    0x08000124   Section        0  memseta.o(.text)
    .text                                    0x08000148   Section       36  init.o(.text)
    i.BusFault_Handler                       0x0800016c   Section        0  stm32f1xx_it.o(i.BusFault_Handler)
    i.DebugMon_Handler                       0x0800016e   Section        0  stm32f1xx_it.o(i.DebugMon_Handler)
    i.Error_Handler                          0x08000170   Section        0  main.o(i.Error_Handler)
    i.HAL_DMA_Abort_IT                       0x08000174   Section        0  stm32f1xx_hal_dma.o(i.HAL_DMA_Abort_IT)
    i.HAL_GPIO_Init                          0x0800020c   Section        0  stm32f1xx_hal_gpio.o(i.HAL_GPIO_Init)
    i.HAL_GetTick                            0x080003ec   Section        0  stm32f1xx_hal.o(i.HAL_GetTick)
    i.HAL_IncTick                            0x080003f8   Section        0  stm32f1xx_hal.o(i.HAL_IncTick)
    i.HAL_Init                               0x08000408   Section        0  stm32f1xx_hal.o(i.HAL_Init)
    i.HAL_InitTick                           0x0800042c   Section        0  stm32f1xx_hal.o(i.HAL_InitTick)
    i.HAL_MspInit                            0x0800046c   Section        0  stm32f1xx_hal_msp.o(i.HAL_MspInit)
    i.HAL_NVIC_EnableIRQ                     0x080004a8   Section        0  stm32f1xx_hal_cortex.o(i.HAL_NVIC_EnableIRQ)
    i.HAL_NVIC_SetPriority                   0x080004c4   Section        0  stm32f1xx_hal_cortex.o(i.HAL_NVIC_SetPriority)
    i.HAL_NVIC_SetPriorityGrouping           0x08000504   Section        0  stm32f1xx_hal_cortex.o(i.HAL_NVIC_SetPriorityGrouping)
    i.HAL_RCC_ClockConfig                    0x08000528   Section        0  stm32f1xx_hal_rcc.o(i.HAL_RCC_ClockConfig)
    i.HAL_RCC_GetPCLK1Freq                   0x08000654   Section        0  stm32f1xx_hal_rcc.o(i.HAL_RCC_GetPCLK1Freq)
    i.HAL_RCC_GetPCLK2Freq                   0x08000674   Section        0  stm32f1xx_hal_rcc.o(i.HAL_RCC_GetPCLK2Freq)
    i.HAL_RCC_GetSysClockFreq                0x08000694   Section        0  stm32f1xx_hal_rcc.o(i.HAL_RCC_GetSysClockFreq)
    i.HAL_RCC_OscConfig                      0x08000700   Section        0  stm32f1xx_hal_rcc.o(i.HAL_RCC_OscConfig)
    i.HAL_SYSTICK_Config                     0x08000a20   Section        0  stm32f1xx_hal_cortex.o(i.HAL_SYSTICK_Config)
    i.HAL_TIMEx_MasterConfigSynchronization  0x08000a48   Section        0  stm32f1xx_hal_tim_ex.o(i.HAL_TIMEx_MasterConfigSynchronization)
    i.HAL_TIM_MspPostInit                    0x08000ab0   Section        0  tim.o(i.HAL_TIM_MspPostInit)
    i.HAL_TIM_PWM_ConfigChannel              0x08000b40   Section        0  stm32f1xx_hal_tim.o(i.HAL_TIM_PWM_ConfigChannel)
    i.HAL_TIM_PWM_Init                       0x08000c06   Section        0  stm32f1xx_hal_tim.o(i.HAL_TIM_PWM_Init)
    i.HAL_TIM_PWM_MspInit                    0x08000c60   Section        0  tim.o(i.HAL_TIM_PWM_MspInit)
    i.HAL_TIM_PWM_Start                      0x08000ca0   Section        0  stm32f1xx_hal_tim.o(i.HAL_TIM_PWM_Start)
    i.HAL_UART_ErrorCallback                 0x08000d3c   Section        0  stm32f1xx_hal_uart.o(i.HAL_UART_ErrorCallback)
    i.HAL_UART_IRQHandler                    0x08000d40   Section        0  stm32f1xx_hal_uart.o(i.HAL_UART_IRQHandler)
    i.HAL_UART_Init                          0x08000e9c   Section        0  stm32f1xx_hal_uart.o(i.HAL_UART_Init)
    i.HAL_UART_MspInit                       0x08000f00   Section        0  usart.o(i.HAL_UART_MspInit)
    i.HAL_UART_Receive_IT                    0x08000f80   Section        0  stm32f1xx_hal_uart.o(i.HAL_UART_Receive_IT)
    i.HAL_UART_RxCpltCallback                0x08000fd4   Section        0  main.o(i.HAL_UART_RxCpltCallback)
    i.HAL_UART_TxCpltCallback                0x08001020   Section        0  stm32f1xx_hal_uart.o(i.HAL_UART_TxCpltCallback)
    i.HardFault_Handler                      0x08001022   Section        0  stm32f1xx_it.o(i.HardFault_Handler)
    i.LL                                     0x08001024   Section        0  main.o(i.LL)
    i.LR                                     0x08001038   Section        0  main.o(i.LR)
    i.MX_GPIO_Init                           0x08001070   Section        0  gpio.o(i.MX_GPIO_Init)
    i.MX_TIM3_Init                           0x080010ac   Section        0  tim.o(i.MX_TIM3_Init)
    i.MX_TIM4_Init                           0x0800114c   Section        0  tim.o(i.MX_TIM4_Init)
    i.MX_USART1_UART_Init                    0x080011ec   Section        0  usart.o(i.MX_USART1_UART_Init)
    i.MemManage_Handler                      0x08001224   Section        0  stm32f1xx_it.o(i.MemManage_Handler)
    i.Motor1                                 0x08001228   Section        0  main.o(i.Motor1)
    i.Motor2                                 0x08001248   Section        0  main.o(i.Motor2)
    i.Motor3                                 0x08001268   Section        0  main.o(i.Motor3)
    i.Motor4                                 0x08001288   Section        0  main.o(i.Motor4)
    i.NMI_Handler                            0x080012a8   Section        0  stm32f1xx_it.o(i.NMI_Handler)
    i.PendSV_Handler                         0x080012aa   Section        0  stm32f1xx_it.o(i.PendSV_Handler)
    i.RR                                     0x080012ac   Section        0  main.o(i.RR)
    i.SVC_Handler                            0x080012be   Section        0  stm32f1xx_it.o(i.SVC_Handler)
    i.SysTick_Handler                        0x080012c0   Section        0  stm32f1xx_it.o(i.SysTick_Handler)
    i.SystemClock_Config                     0x080012c4   Section        0  main.o(i.SystemClock_Config)
    i.SystemInit                             0x08001306   Section        0  system_stm32f1xx.o(i.SystemInit)
    i.TIM_Base_SetConfig                     0x08001308   Section        0  stm32f1xx_hal_tim.o(i.TIM_Base_SetConfig)
    i.TIM_CCxChannelCmd                      0x08001374   Section        0  stm32f1xx_hal_tim.o(i.TIM_CCxChannelCmd)
    i.TIM_OC1_SetConfig                      0x08001390   Section        0  stm32f1xx_hal_tim.o(i.TIM_OC1_SetConfig)
    TIM_OC1_SetConfig                        0x08001391   Thumb Code    74  stm32f1xx_hal_tim.o(i.TIM_OC1_SetConfig)
    i.TIM_OC2_SetConfig                      0x080013e0   Section        0  stm32f1xx_hal_tim.o(i.TIM_OC2_SetConfig)
    i.TIM_OC3_SetConfig                      0x08001438   Section        0  stm32f1xx_hal_tim.o(i.TIM_OC3_SetConfig)
    TIM_OC3_SetConfig                        0x08001439   Thumb Code    82  stm32f1xx_hal_tim.o(i.TIM_OC3_SetConfig)
    i.TIM_OC4_SetConfig                      0x08001490   Section        0  stm32f1xx_hal_tim.o(i.TIM_OC4_SetConfig)
    TIM_OC4_SetConfig                        0x08001491   Thumb Code    64  stm32f1xx_hal_tim.o(i.TIM_OC4_SetConfig)
    i.UART_DMAAbortOnError                   0x080014d4   Section        0  stm32f1xx_hal_uart.o(i.UART_DMAAbortOnError)
    UART_DMAAbortOnError                     0x080014d5   Thumb Code    16  stm32f1xx_hal_uart.o(i.UART_DMAAbortOnError)
    i.UART_EndRxTransfer                     0x080014e4   Section        0  stm32f1xx_hal_uart.o(i.UART_EndRxTransfer)
    UART_EndRxTransfer                       0x080014e5   Thumb Code    28  stm32f1xx_hal_uart.o(i.UART_EndRxTransfer)
    i.UART_Receive_IT                        0x08001500   Section        0  stm32f1xx_hal_uart.o(i.UART_Receive_IT)
    UART_Receive_IT                          0x08001501   Thumb Code   140  stm32f1xx_hal_uart.o(i.UART_Receive_IT)
    i.UART_SetConfig                         0x0800158c   Section        0  stm32f1xx_hal_uart.o(i.UART_SetConfig)
    UART_SetConfig                           0x0800158d   Thumb Code   178  stm32f1xx_hal_uart.o(i.UART_SetConfig)
    i.USART1_IRQHandler                      0x08001644   Section        0  stm32f1xx_it.o(i.USART1_IRQHandler)
    i.UsageFault_Handler                     0x08001650   Section        0  stm32f1xx_it.o(i.UsageFault_Handler)
    i.__NVIC_SetPriority                     0x08001652   Section        0  stm32f1xx_hal_cortex.o(i.__NVIC_SetPriority)
    __NVIC_SetPriority                       0x08001653   Thumb Code    32  stm32f1xx_hal_cortex.o(i.__NVIC_SetPriority)
    i.__scatterload_copy                     0x08001672   Section       14  handlers.o(i.__scatterload_copy)
    i.__scatterload_null                     0x08001680   Section        2  handlers.o(i.__scatterload_null)
    i.__scatterload_zeroinit                 0x08001682   Section       14  handlers.o(i.__scatterload_zeroinit)
    i.main                                   0x08001690   Section        0  main.o(i.main)
    .constdata                               0x08001704   Section       16  system_stm32f1xx.o(.constdata)
    .constdata                               0x08001714   Section        8  system_stm32f1xx.o(.constdata)
    .data                                    0x20000000   Section        8  main.o(.data)
    .data                                    0x20000008   Section       12  stm32f1xx_hal.o(.data)
    .data                                    0x20000014   Section        4  system_stm32f1xx.o(.data)
    .bss                                     0x20000018   Section       10  main.o(.bss)
    .bss                                     0x20000024   Section      144  tim.o(.bss)
    .bss                                     0x200000b4   Section       64  usart.o(.bss)
    STACK                                    0x200000f8   Section     1024  startup_stm32f103xb.o(STACK)

    Global Symbols

    Symbol Name                              Value     Ov Type        Size  Object(Section)

    BuildAttributes$$THM_ISAv4$P$D$K$B$S$PE$A:L22UL41UL21$X:L11$S22US41US21$IEEE1$IW$USESV6$~STKCKD$USESV7$~SHL$OSPACE$EBA8$MICROLIB$REQ8$PRES8$EABIv2 0x00000000   Number         0  anon$$obj.o ABSOLUTE
    __ARM_use_no_argv                        0x00000000   Number         0  main.o ABSOLUTE
    __cpp_initialize__aeabi_                  - Undefined Weak Reference
    __cxa_finalize                            - Undefined Weak Reference
    __decompress                              - Undefined Weak Reference
    _clock_init                               - Undefined Weak Reference
    _microlib_exit                            - Undefined Weak Reference
    __Vectors_Size                           0x000000ec   Number         0  startup_stm32f103xb.o ABSOLUTE
    __Vectors                                0x08000000   Data           4  startup_stm32f103xb.o(RESET)
    __Vectors_End                            0x080000ec   Data           0  startup_stm32f103xb.o(RESET)
    __main                                   0x080000ed   Thumb Code     0  entry.o(.ARM.Collect$$$$00000000)
    _main_stk                                0x080000ed   Thumb Code     0  entry2.o(.ARM.Collect$$$$00000001)
    _main_scatterload                        0x080000f1   Thumb Code     0  entry5.o(.ARM.Collect$$$$00000004)
    __main_after_scatterload                 0x080000f5   Thumb Code     0  entry5.o(.ARM.Collect$$$$00000004)
    _main_clock                              0x080000f5   Thumb Code     0  entry7b.o(.ARM.Collect$$$$00000008)
    _main_cpp_init                           0x080000f5   Thumb Code     0  entry8b.o(.ARM.Collect$$$$0000000A)
    _main_init                               0x080000f5   Thumb Code     0  entry9a.o(.ARM.Collect$$$$0000000B)
    __rt_final_cpp                           0x080000fd   Thumb Code     0  entry10a.o(.ARM.Collect$$$$0000000D)
    __rt_final_exit                          0x080000fd   Thumb Code     0  entry11a.o(.ARM.Collect$$$$0000000F)
    Reset_Handler                            0x08000101   Thumb Code     8  startup_stm32f103xb.o(.text)
    ADC1_2_IRQHandler                        0x0800011b   Thumb Code     0  startup_stm32f103xb.o(.text)
    CAN1_RX1_IRQHandler                      0x0800011b   Thumb Code     0  startup_stm32f103xb.o(.text)
    CAN1_SCE_IRQHandler                      0x0800011b   Thumb Code     0  startup_stm32f103xb.o(.text)
    DMA1_Channel1_IRQHandler                 0x0800011b   Thumb Code     0  startup_stm32f103xb.o(.text)
    DMA1_Channel2_IRQHandler                 0x0800011b   Thumb Code     0  startup_stm32f103xb.o(.text)
    DMA1_Channel3_IRQHandler                 0x0800011b   Thumb Code     0  startup_stm32f103xb.o(.text)
    DMA1_Channel4_IRQHandler                 0x0800011b   Thumb Code     0  startup_stm32f103xb.o(.text)
    DMA1_Channel5_IRQHandler                 0x0800011b   Thumb Code     0  startup_stm32f103xb.o(.text)
    DMA1_Channel6_IRQHandler                 0x0800011b   Thumb Code     0  startup_stm32f103xb.o(.text)
    DMA1_Channel7_IRQHandler                 0x0800011b   Thumb Code     0  startup_stm32f103xb.o(.text)
    EXTI0_IRQHandler                         0x0800011b   Thumb Code     0  startup_stm32f103xb.o(.text)
    EXTI15_10_IRQHandler                     0x0800011b   Thumb Code     0  startup_stm32f103xb.o(.text)
    EXTI1_IRQHandler                         0x0800011b   Thumb Code     0  startup_stm32f103xb.o(.text)
    EXTI2_IRQHandler                         0x0800011b   Thumb Code     0  startup_stm32f103xb.o(.text)
    EXTI3_IRQHandler                         0x0800011b   Thumb Code     0  startup_stm32f103xb.o(.text)
    EXTI4_IRQHandler                         0x0800011b   Thumb Code     0  startup_stm32f103xb.o(.text)
    EXTI9_5_IRQHandler                       0x0800011b   Thumb Code     0  startup_stm32f103xb.o(.text)
    FLASH_IRQHandler                         0x0800011b   Thumb Code     0  startup_stm32f103xb.o(.text)
    I2C1_ER_IRQHandler                       0x0800011b   Thumb Code     0  startup_stm32f103xb.o(.text)
    I2C1_EV_IRQHandler                       0x0800011b   Thumb Code     0  startup_stm32f103xb.o(.text)
    I2C2_ER_IRQHandler                       0x0800011b   Thumb Code     0  startup_stm32f103xb.o(.text)
    I2C2_EV_IRQHandler                       0x0800011b   Thumb Code     0  startup_stm32f103xb.o(.text)
    PVD_IRQHandler                           0x0800011b   Thumb Code     0  startup_stm32f103xb.o(.text)
    RCC_IRQHandler                           0x0800011b   Thumb Code     0  startup_stm32f103xb.o(.text)
    RTC_Alarm_IRQHandler                     0x0800011b   Thumb Code     0  startup_stm32f103xb.o(.text)
    RTC_IRQHandler                           0x0800011b   Thumb Code     0  startup_stm32f103xb.o(.text)
    SPI1_IRQHandler                          0x0800011b   Thumb Code     0  startup_stm32f103xb.o(.text)
    SPI2_IRQHandler                          0x0800011b   Thumb Code     0  startup_stm32f103xb.o(.text)
    TAMPER_IRQHandler                        0x0800011b   Thumb Code     0  startup_stm32f103xb.o(.text)
    TIM1_BRK_IRQHandler                      0x0800011b   Thumb Code     0  startup_stm32f103xb.o(.text)
    TIM1_CC_IRQHandler                       0x0800011b   Thumb Code     0  startup_stm32f103xb.o(.text)
    TIM1_TRG_COM_IRQHandler                  0x0800011b   Thumb Code     0  startup_stm32f103xb.o(.text)
    TIM1_UP_IRQHandler                       0x0800011b   Thumb Code     0  startup_stm32f103xb.o(.text)
    TIM2_IRQHandler                          0x0800011b   Thumb Code     0  startup_stm32f103xb.o(.text)
    TIM3_IRQHandler                          0x0800011b   Thumb Code     0  startup_stm32f103xb.o(.text)
    TIM4_IRQHandler                          0x0800011b   Thumb Code     0  startup_stm32f103xb.o(.text)
    USART2_IRQHandler                        0x0800011b   Thumb Code     0  startup_stm32f103xb.o(.text)
    USART3_IRQHandler                        0x0800011b   Thumb Code     0  startup_stm32f103xb.o(.text)
    USBWakeUp_IRQHandler                     0x0800011b   Thumb Code     0  startup_stm32f103xb.o(.text)
    USB_HP_CAN1_TX_IRQHandler                0x0800011b   Thumb Code     0  startup_stm32f103xb.o(.text)
    USB_LP_CAN1_RX0_IRQHandler               0x0800011b   Thumb Code     0  startup_stm32f103xb.o(.text)
    WWDG_IRQHandler                          0x0800011b   Thumb Code     0  startup_stm32f103xb.o(.text)
    __aeabi_memset                           0x08000125   Thumb Code    14  memseta.o(.text)
    __aeabi_memset4                          0x08000125   Thumb Code     0  memseta.o(.text)
    __aeabi_memset8                          0x08000125   Thumb Code     0  memseta.o(.text)
    __aeabi_memclr                           0x08000133   Thumb Code     4  memseta.o(.text)
    __aeabi_memclr4                          0x08000133   Thumb Code     0  memseta.o(.text)
    __aeabi_memclr8                          0x08000133   Thumb Code     0  memseta.o(.text)
    _memset$wrapper                          0x08000137   Thumb Code    18  memseta.o(.text)
    __scatterload                            0x08000149   Thumb Code    28  init.o(.text)
    __scatterload_rt2                        0x08000149   Thumb Code     0  init.o(.text)
    BusFault_Handler                         0x0800016d   Thumb Code     2  stm32f1xx_it.o(i.BusFault_Handler)
    DebugMon_Handler                         0x0800016f   Thumb Code     2  stm32f1xx_it.o(i.DebugMon_Handler)
    Error_Handler                            0x08000171   Thumb Code     2  main.o(i.Error_Handler)
    HAL_DMA_Abort_IT                         0x08000175   Thumb Code   148  stm32f1xx_hal_dma.o(i.HAL_DMA_Abort_IT)
    HAL_GPIO_Init                            0x0800020d   Thumb Code   446  stm32f1xx_hal_gpio.o(i.HAL_GPIO_Init)
    HAL_GetTick                              0x080003ed   Thumb Code     6  stm32f1xx_hal.o(i.HAL_GetTick)
    HAL_IncTick                              0x080003f9   Thumb Code    12  stm32f1xx_hal.o(i.HAL_IncTick)
    HAL_Init                                 0x08000409   Thumb Code    32  stm32f1xx_hal.o(i.HAL_Init)
    HAL_InitTick                             0x0800042d   Thumb Code    54  stm32f1xx_hal.o(i.HAL_InitTick)
    HAL_MspInit                              0x0800046d   Thumb Code    52  stm32f1xx_hal_msp.o(i.HAL_MspInit)
    HAL_NVIC_EnableIRQ                       0x080004a9   Thumb Code    26  stm32f1xx_hal_cortex.o(i.HAL_NVIC_EnableIRQ)
    HAL_NVIC_SetPriority                     0x080004c5   Thumb Code    60  stm32f1xx_hal_cortex.o(i.HAL_NVIC_SetPriority)
    HAL_NVIC_SetPriorityGrouping             0x08000505   Thumb Code    26  stm32f1xx_hal_cortex.o(i.HAL_NVIC_SetPriorityGrouping)
    HAL_RCC_ClockConfig                      0x08000529   Thumb Code   280  stm32f1xx_hal_rcc.o(i.HAL_RCC_ClockConfig)
    HAL_RCC_GetPCLK1Freq                     0x08000655   Thumb Code    20  stm32f1xx_hal_rcc.o(i.HAL_RCC_GetPCLK1Freq)
    HAL_RCC_GetPCLK2Freq                     0x08000675   Thumb Code    20  stm32f1xx_hal_rcc.o(i.HAL_RCC_GetPCLK2Freq)
    HAL_RCC_GetSysClockFreq                  0x08000695   Thumb Code    74  stm32f1xx_hal_rcc.o(i.HAL_RCC_GetSysClockFreq)
    HAL_RCC_OscConfig                        0x08000701   Thumb Code   778  stm32f1xx_hal_rcc.o(i.HAL_RCC_OscConfig)
    HAL_SYSTICK_Config                       0x08000a21   Thumb Code    40  stm32f1xx_hal_cortex.o(i.HAL_SYSTICK_Config)
    HAL_TIMEx_MasterConfigSynchronization    0x08000a49   Thumb Code    92  stm32f1xx_hal_tim_ex.o(i.HAL_TIMEx_MasterConfigSynchronization)
    HAL_TIM_MspPostInit                      0x08000ab1   Thumb Code   124  tim.o(i.HAL_TIM_MspPostInit)
    HAL_TIM_PWM_ConfigChannel                0x08000b41   Thumb Code   198  stm32f1xx_hal_tim.o(i.HAL_TIM_PWM_ConfigChannel)
    HAL_TIM_PWM_Init                         0x08000c07   Thumb Code    90  stm32f1xx_hal_tim.o(i.HAL_TIM_PWM_Init)
    HAL_TIM_PWM_MspInit                      0x08000c61   Thumb Code    52  tim.o(i.HAL_TIM_PWM_MspInit)
    HAL_TIM_PWM_Start                        0x08000ca1   Thumb Code   144  stm32f1xx_hal_tim.o(i.HAL_TIM_PWM_Start)
    HAL_UART_ErrorCallback                   0x08000d3d   Thumb Code     2  stm32f1xx_hal_uart.o(i.HAL_UART_ErrorCallback)
    HAL_UART_IRQHandler                      0x08000d41   Thumb Code   344  stm32f1xx_hal_uart.o(i.HAL_UART_IRQHandler)
    HAL_UART_Init                            0x08000e9d   Thumb Code    98  stm32f1xx_hal_uart.o(i.HAL_UART_Init)
    HAL_UART_MspInit                         0x08000f01   Thumb Code   116  usart.o(i.HAL_UART_MspInit)
    HAL_UART_Receive_IT                      0x08000f81   Thumb Code    82  stm32f1xx_hal_uart.o(i.HAL_UART_Receive_IT)
    HAL_UART_RxCpltCallback                  0x08000fd5   Thumb Code    54  main.o(i.HAL_UART_RxCpltCallback)
    HAL_UART_TxCpltCallback                  0x08001021   Thumb Code     2  stm32f1xx_hal_uart.o(i.HAL_UART_TxCpltCallback)
    HardFault_Handler                        0x08001023   Thumb Code     2  stm32f1xx_it.o(i.HardFault_Handler)
    LL                                       0x08001025   Thumb Code    18  main.o(i.LL)
    LR                                       0x08001039   Thumb Code    52  main.o(i.LR)
    MX_GPIO_Init                             0x08001071   Thumb Code    54  gpio.o(i.MX_GPIO_Init)
    MX_TIM3_Init                             0x080010ad   Thumb Code   152  tim.o(i.MX_TIM3_Init)
    MX_TIM4_Init                             0x0800114d   Thumb Code   152  tim.o(i.MX_TIM4_Init)
    MX_USART1_UART_Init                      0x080011ed   Thumb Code    48  usart.o(i.MX_USART1_UART_Init)
    MemManage_Handler                        0x08001225   Thumb Code     2  stm32f1xx_it.o(i.MemManage_Handler)
    Motor1                                   0x08001229   Thumb Code    28  main.o(i.Motor1)
    Motor2                                   0x08001249   Thumb Code    28  main.o(i.Motor2)
    Motor3                                   0x08001269   Thumb Code    28  main.o(i.Motor3)
    Motor4                                   0x08001289   Thumb Code    28  main.o(i.Motor4)
    NMI_Handler                              0x080012a9   Thumb Code     2  stm32f1xx_it.o(i.NMI_Handler)
    PendSV_Handler                           0x080012ab   Thumb Code     2  stm32f1xx_it.o(i.PendSV_Handler)
    RR                                       0x080012ad   Thumb Code    18  main.o(i.RR)
    SVC_Handler                              0x080012bf   Thumb Code     2  stm32f1xx_it.o(i.SVC_Handler)
    SysTick_Handler                          0x080012c1   Thumb Code     4  stm32f1xx_it.o(i.SysTick_Handler)
    SystemClock_Config                       0x080012c5   Thumb Code    66  main.o(i.SystemClock_Config)
    SystemInit                               0x08001307   Thumb Code     2  system_stm32f1xx.o(i.SystemInit)
    TIM_Base_SetConfig                       0x08001309   Thumb Code    94  stm32f1xx_hal_tim.o(i.TIM_Base_SetConfig)
    TIM_CCxChannelCmd                        0x08001375   Thumb Code    26  stm32f1xx_hal_tim.o(i.TIM_CCxChannelCmd)
    TIM_OC2_SetConfig                        0x080013e1   Thumb Code    84  stm32f1xx_hal_tim.o(i.TIM_OC2_SetConfig)
    USART1_IRQHandler                        0x08001645   Thumb Code     6  stm32f1xx_it.o(i.USART1_IRQHandler)
    UsageFault_Handler                       0x08001651   Thumb Code     2  stm32f1xx_it.o(i.UsageFault_Handler)
    __scatterload_copy                       0x08001673   Thumb Code    14  handlers.o(i.__scatterload_copy)
    __scatterload_null                       0x08001681   Thumb Code     2  handlers.o(i.__scatterload_null)
    __scatterload_zeroinit                   0x08001683   Thumb Code    14  handlers.o(i.__scatterload_zeroinit)
    main                                     0x08001691   Thumb Code   100  main.o(i.main)
    AHBPrescTable                            0x08001704   Data          16  system_stm32f1xx.o(.constdata)
    APBPrescTable                            0x08001714   Data           8  system_stm32f1xx.o(.constdata)
    Region$$Table$$Base                      0x0800171c   Number         0  anon$$obj.o(Region$$Table)
    Region$$Table$$Limit                     0x0800173c   Number         0  anon$$obj.o(Region$$Table)
    as                                       0x20000000   Data           4  main.o(.data)
    OUT                                      0x20000004   Data           4  main.o(.data)
    uwTickFreq                               0x20000008   Data           1  stm32f1xx_hal.o(.data)
    uwTickPrio                               0x2000000c   Data           4  stm32f1xx_hal.o(.data)
    uwTick                                   0x20000010   Data           4  stm32f1xx_hal.o(.data)
    SystemCoreClock                          0x20000014   Data           4  system_stm32f1xx.o(.data)
    UART_temp                                0x20000018   Data          10  main.o(.bss)
    htim3                                    0x20000024   Data          72  tim.o(.bss)
    htim4                                    0x2000006c   Data          72  tim.o(.bss)
    huart1                                   0x200000b4   Data          64  usart.o(.bss)
    __initial_sp                             0x200004f8   Data           0  startup_stm32f103xb.o(STACK)



==============================================================================

Memory Map of the image

  Image Entry point : 0x080000ed

  Load Region LR_IROM1 (Base: 0x08000000, Size: 0x00001754, Max: 0x00010000, ABSOLUTE)

    Execution Region ER_IROM1 (Exec base: 0x08000000, Load base: 0x08000000, Size: 0x0000173c, Max: 0x00010000, ABSOLUTE)

    Exec Addr    Load Addr    Size         Type   Attr      Idx    E Section Name        Object

    0x08000000   0x08000000   0x000000ec   Data   RO            3    RESET               startup_stm32f103xb.o
    0x080000ec   0x080000ec   0x00000000   Code   RO         2774  * .ARM.Collect$$$$00000000  mc_w.l(entry.o)
    0x080000ec   0x080000ec   0x00000004   Code   RO         2781    .ARM.Collect$$$$00000001  mc_w.l(entry2.o)
    0x080000f0   0x080000f0   0x00000004   Code   RO         2784    .ARM.Collect$$$$00000004  mc_w.l(entry5.o)
    0x080000f4   0x080000f4   0x00000000   Code   RO         2786    .ARM.Collect$$$$00000008  mc_w.l(entry7b.o)
    0x080000f4   0x080000f4   0x00000000   Code   RO         2788    .ARM.Collect$$$$0000000A  mc_w.l(entry8b.o)
    0x080000f4   0x080000f4   0x00000008   Code   RO         2789    .ARM.Collect$$$$0000000B  mc_w.l(entry9a.o)
    0x080000fc   0x080000fc   0x00000000   Code   RO         2791    .ARM.Collect$$$$0000000D  mc_w.l(entry10a.o)
    0x080000fc   0x080000fc   0x00000000   Code   RO         2793    .ARM.Collect$$$$0000000F  mc_w.l(entry11a.o)
    0x080000fc   0x080000fc   0x00000004   Code   RO         2782    .ARM.Collect$$$$00002712  mc_w.l(entry2.o)
    0x08000100   0x08000100   0x00000024   Code   RO            4    .text               startup_stm32f103xb.o
    0x08000124   0x08000124   0x00000024   Code   RO         2779    .text               mc_w.l(memseta.o)
    0x08000148   0x08000148   0x00000024   Code   RO         2795    .text               mc_w.l(init.o)
    0x0800016c   0x0800016c   0x00000002   Code   RO          328    i.BusFault_Handler  stm32f1xx_it.o
    0x0800016e   0x0800016e   0x00000002   Code   RO          329    i.DebugMon_Handler  stm32f1xx_it.o
    0x08000170   0x08000170   0x00000002   Code   RO           13    i.Error_Handler     main.o
    0x08000172   0x08000172   0x00000002   PAD
    0x08000174   0x08000174   0x00000098   Code   RO         1823    i.HAL_DMA_Abort_IT  stm32f1xx_hal_dma.o
    0x0800020c   0x0800020c   0x000001e0   Code   RO         1758    i.HAL_GPIO_Init     stm32f1xx_hal_gpio.o
    0x080003ec   0x080003ec   0x0000000c   Code   RO         1454    i.HAL_GetTick       stm32f1xx_hal.o
    0x080003f8   0x080003f8   0x00000010   Code   RO         1460    i.HAL_IncTick       stm32f1xx_hal.o
    0x08000408   0x08000408   0x00000024   Code   RO         1461    i.HAL_Init          stm32f1xx_hal.o
    0x0800042c   0x0800042c   0x00000040   Code   RO         1462    i.HAL_InitTick      stm32f1xx_hal.o
    0x0800046c   0x0800046c   0x0000003c   Code   RO          410    i.HAL_MspInit       stm32f1xx_hal_msp.o
    0x080004a8   0x080004a8   0x0000001a   Code   RO         1918    i.HAL_NVIC_EnableIRQ  stm32f1xx_hal_cortex.o
    0x080004c2   0x080004c2   0x00000002   PAD
    0x080004c4   0x080004c4   0x00000040   Code   RO         1924    i.HAL_NVIC_SetPriority  stm32f1xx_hal_cortex.o
    0x08000504   0x08000504   0x00000024   Code   RO         1925    i.HAL_NVIC_SetPriorityGrouping  stm32f1xx_hal_cortex.o
    0x08000528   0x08000528   0x0000012c   Code   RO         1618    i.HAL_RCC_ClockConfig  stm32f1xx_hal_rcc.o
    0x08000654   0x08000654   0x00000020   Code   RO         1625    i.HAL_RCC_GetPCLK1Freq  stm32f1xx_hal_rcc.o
    0x08000674   0x08000674   0x00000020   Code   RO         1626    i.HAL_RCC_GetPCLK2Freq  stm32f1xx_hal_rcc.o
    0x08000694   0x08000694   0x0000006c   Code   RO         1627    i.HAL_RCC_GetSysClockFreq  stm32f1xx_hal_rcc.o
    0x08000700   0x08000700   0x00000320   Code   RO         1630    i.HAL_RCC_OscConfig  stm32f1xx_hal_rcc.o
    0x08000a20   0x08000a20   0x00000028   Code   RO         1929    i.HAL_SYSTICK_Config  stm32f1xx_hal_cortex.o
    0x08000a48   0x08000a48   0x00000068   Code   RO         1195    i.HAL_TIMEx_MasterConfigSynchronization  stm32f1xx_hal_tim_ex.o
    0x08000ab0   0x08000ab0   0x00000090   Code   RO          232    i.HAL_TIM_MspPostInit  tim.o
    0x08000b40   0x08000b40   0x000000c6   Code   RO          544    i.HAL_TIM_PWM_ConfigChannel  stm32f1xx_hal_tim.o
    0x08000c06   0x08000c06   0x0000005a   Code   RO          547    i.HAL_TIM_PWM_Init  stm32f1xx_hal_tim.o
    0x08000c60   0x08000c60   0x00000040   Code   RO          234    i.HAL_TIM_PWM_MspInit  tim.o
    0x08000ca0   0x08000ca0   0x0000009c   Code   RO          552    i.HAL_TIM_PWM_Start  stm32f1xx_hal_tim.o
    0x08000d3c   0x08000d3c   0x00000002   Code   RO         2439    i.HAL_UART_ErrorCallback  stm32f1xx_hal_uart.o
    0x08000d3e   0x08000d3e   0x00000002   PAD
    0x08000d40   0x08000d40   0x0000015c   Code   RO         2442    i.HAL_UART_IRQHandler  stm32f1xx_hal_uart.o
    0x08000e9c   0x08000e9c   0x00000062   Code   RO         2443    i.HAL_UART_Init     stm32f1xx_hal_uart.o
    0x08000efe   0x08000efe   0x00000002   PAD
    0x08000f00   0x08000f00   0x00000080   Code   RO          287    i.HAL_UART_MspInit  usart.o
    0x08000f80   0x08000f80   0x00000052   Code   RO         2448    i.HAL_UART_Receive_IT  stm32f1xx_hal_uart.o
    0x08000fd2   0x08000fd2   0x00000002   PAD
    0x08000fd4   0x08000fd4   0x0000004c   Code   RO           14    i.HAL_UART_RxCpltCallback  main.o
    0x08001020   0x08001020   0x00000002   Code   RO         2454    i.HAL_UART_TxCpltCallback  stm32f1xx_hal_uart.o
    0x08001022   0x08001022   0x00000002   Code   RO          330    i.HardFault_Handler  stm32f1xx_it.o
    0x08001024   0x08001024   0x00000012   Code   RO           15    i.LL                main.o
    0x08001036   0x08001036   0x00000002   PAD
    0x08001038   0x08001038   0x00000038   Code   RO           16    i.LR                main.o
    0x08001070   0x08001070   0x0000003c   Code   RO          208    i.MX_GPIO_Init      gpio.o
    0x080010ac   0x080010ac   0x000000a0   Code   RO          235    i.MX_TIM3_Init      tim.o
    0x0800114c   0x0800114c   0x000000a0   Code   RO          236    i.MX_TIM4_Init      tim.o
    0x080011ec   0x080011ec   0x00000038   Code   RO          288    i.MX_USART1_UART_Init  usart.o
    0x08001224   0x08001224   0x00000002   Code   RO          331    i.MemManage_Handler  stm32f1xx_it.o
    0x08001226   0x08001226   0x00000002   PAD
    0x08001228   0x08001228   0x00000020   Code   RO           17    i.Motor1            main.o
    0x08001248   0x08001248   0x00000020   Code   RO           18    i.Motor2            main.o
    0x08001268   0x08001268   0x00000020   Code   RO           19    i.Motor3            main.o
    0x08001288   0x08001288   0x00000020   Code   RO           20    i.Motor4            main.o
    0x080012a8   0x080012a8   0x00000002   Code   RO          332    i.NMI_Handler       stm32f1xx_it.o
    0x080012aa   0x080012aa   0x00000002   Code   RO          333    i.PendSV_Handler    stm32f1xx_it.o
    0x080012ac   0x080012ac   0x00000012   Code   RO           21    i.RR                main.o
    0x080012be   0x080012be   0x00000002   Code   RO          334    i.SVC_Handler       stm32f1xx_it.o
    0x080012c0   0x080012c0   0x00000004   Code   RO          335    i.SysTick_Handler   stm32f1xx_it.o
    0x080012c4   0x080012c4   0x00000042   Code   RO           22    i.SystemClock_Config  main.o
    0x08001306   0x08001306   0x00000002   Code   RO         2740    i.SystemInit        system_stm32f1xx.o
    0x08001308   0x08001308   0x0000006c   Code   RO          565    i.TIM_Base_SetConfig  stm32f1xx_hal_tim.o
    0x08001374   0x08001374   0x0000001a   Code   RO          566    i.TIM_CCxChannelCmd  stm32f1xx_hal_tim.o
    0x0800138e   0x0800138e   0x00000002   PAD
    0x08001390   0x08001390   0x00000050   Code   RO          578    i.TIM_OC1_SetConfig  stm32f1xx_hal_tim.o
    0x080013e0   0x080013e0   0x00000058   Code   RO          579    i.TIM_OC2_SetConfig  stm32f1xx_hal_tim.o
    0x08001438   0x08001438   0x00000058   Code   RO          580    i.TIM_OC3_SetConfig  stm32f1xx_hal_tim.o
    0x08001490   0x08001490   0x00000044   Code   RO          581    i.TIM_OC4_SetConfig  stm32f1xx_hal_tim.o
    0x080014d4   0x080014d4   0x00000010   Code   RO         2456    i.UART_DMAAbortOnError  stm32f1xx_hal_uart.o
    0x080014e4   0x080014e4   0x0000001c   Code   RO         2466    i.UART_EndRxTransfer  stm32f1xx_hal_uart.o
    0x08001500   0x08001500   0x0000008c   Code   RO         2468    i.UART_Receive_IT   stm32f1xx_hal_uart.o
    0x0800158c   0x0800158c   0x000000b8   Code   RO         2469    i.UART_SetConfig    stm32f1xx_hal_uart.o
    0x08001644   0x08001644   0x0000000c   Code   RO          336    i.USART1_IRQHandler  stm32f1xx_it.o
    0x08001650   0x08001650   0x00000002   Code   RO          337    i.UsageFault_Handler  stm32f1xx_it.o
    0x08001652   0x08001652   0x00000020   Code   RO         1931    i.__NVIC_SetPriority  stm32f1xx_hal_cortex.o
    0x08001672   0x08001672   0x0000000e   Code   RO         2799    i.__scatterload_copy  mc_w.l(handlers.o)
    0x08001680   0x08001680   0x00000002   Code   RO         2800    i.__scatterload_null  mc_w.l(handlers.o)
    0x08001682   0x08001682   0x0000000e   Code   RO         2801    i.__scatterload_zeroinit  mc_w.l(handlers.o)
    0x08001690   0x08001690   0x00000074   Code   RO           24    i.main              main.o
    0x08001704   0x08001704   0x00000010   Data   RO         2741    .constdata          system_stm32f1xx.o
    0x08001714   0x08001714   0x00000008   Data   RO         2742    .constdata          system_stm32f1xx.o
    0x0800171c   0x0800171c   0x00000020   Data   RO         2797    Region$$Table       anon$$obj.o


    Execution Region RW_IRAM1 (Exec base: 0x20000000, Load base: 0x0800173c, Size: 0x000004f8, Max: 0x00005000, ABSOLUTE)

    Exec Addr    Load Addr    Size         Type   Attr      Idx    E Section Name        Object

    0x20000000   0x0800173c   0x00000008   Data   RW           26    .data               main.o
    0x20000008   0x08001744   0x0000000c   Data   RW         1468    .data               stm32f1xx_hal.o
    0x20000014   0x08001750   0x00000004   Data   RW         2743    .data               system_stm32f1xx.o
    0x20000018        -       0x0000000a   Zero   RW           25    .bss                main.o
    0x20000022   0x08001754   0x00000002   PAD
    0x20000024        -       0x00000090   Zero   RW          237    .bss                tim.o
    0x200000b4        -       0x00000040   Zero   RW          289    .bss                usart.o
    0x200000f4   0x08001754   0x00000004   PAD
    0x200000f8        -       0x00000400   Zero   RW            1    STACK               startup_stm32f103xb.o


==============================================================================

Image component sizes


      Code (inc. data)   RO Data    RW Data    ZI Data      Debug   Object Name

        60          6          0          0          0        707   gpio.o
       480         58          0          8         10     428852   main.o
        36          8        236          0       1024        760   startup_stm32f103xb.o
       128         24          0         12          0       4997   stm32f1xx_hal.o
       198         14          0          0          0      28683   stm32f1xx_hal_cortex.o
       152          4          0          0          0       1015   stm32f1xx_hal_dma.o
       480         34          0          0          0       2176   stm32f1xx_hal_gpio.o
        60          8          0          0          0        762   stm32f1xx_hal_msp.o
      1272        100          0          0          0       4940   stm32f1xx_hal_rcc.o
       902         46          0          0          0       7410   stm32f1xx_hal_tim.o
       104         12          0          0          0       1240   stm32f1xx_hal_tim_ex.o
       900         10          0          0          0       6463   stm32f1xx_hal_uart.o
        32          6          0          0          0       3794   stm32f1xx_it.o
         2          0         24          4          0        967   system_stm32f1xx.o
       528         48          0          0        144       2756   tim.o
       184         20          0          0         64       1466   usart.o

    ----------------------------------------------------------------------
      5534        398        292         24       1248     496988   Object Totals
         0          0         32          0          0          0   (incl. Generated)
        16          0          0          0          6          0   (incl. Padding)

    ----------------------------------------------------------------------

      Code (inc. data)   RO Data    RW Data    ZI Data      Debug   Library Member Name

         0          0          0          0          0          0   entry.o
         0          0          0          0          0          0   entry10a.o
         0          0          0          0          0          0   entry11a.o
         8          4          0          0          0          0   entry2.o
         4          0          0          0          0          0   entry5.o
         0          0          0          0          0          0   entry7b.o
         0          0          0          0          0          0   entry8b.o
         8          4          0          0          0          0   entry9a.o
        30          0          0          0          0          0   handlers.o
        36          8          0          0          0         68   init.o
        36          0          0          0          0        108   memseta.o

    ----------------------------------------------------------------------
       122         16          0          0          0        176   Library Totals
         0          0          0          0          0          0   (incl. Padding)

    ----------------------------------------------------------------------

      Code (inc. data)   RO Data    RW Data    ZI Data      Debug   Library Name

       122         16          0          0          0        176   mc_w.l

    ----------------------------------------------------------------------
       122         16          0          0          0        176   Library Totals

    ----------------------------------------------------------------------

==============================================================================


      Code (inc. data)   RO Data    RW Data    ZI Data      Debug   

      5656        414        292         24       1248     494144   Grand Totals
      5656        414        292         24       1248     494144   ELF Image Totals
      5656        414        292         24          0          0   ROM Totals

==============================================================================

    Total RO  Size (Code + RO Data)                 5948 (   5.81kB)
    Total RW  Size (RW Data + ZI Data)              1272 (   1.24kB)
    Total ROM Size (Code + RO Data + RW Data)       5972 (   5.83kB)

==============================================================================

